<?xml version="1.0" encoding="ISO-8859-1" ?>
<link_info>
   <banner>TMS320C2000 Linker PC v22.6.3.LTS</banner>
   <copyright>Copyright (c) 1996-2018 Texas Instruments Incorporated</copyright>
   <link_time>0x6a0d11e8</link_time>
   <link_errors>0x0</link_errors>
   <output_file>KIM_TEST.out</output_file>
   <entry_point>
      <name>code_start</name>
      <address>0x80000</address>
   </entry_point>
   <input_file_list>
      <input_file id="fl-2">
         <path>.\</path>
         <kind>object</kind>
         <file>sys_main.obj</file>
         <name>sys_main.obj</name>
      </input_file>
      <input_file id="fl-3">
         <path>.\libraries\control\dclink_ss\</path>
         <kind>object</kind>
         <file>dclink_ss.obj</file>
         <name>dclink_ss.obj</name>
      </input_file>
      <input_file id="fl-4">
         <path>.\libraries\control\fwc\</path>
         <kind>object</kind>
         <file>fwc.obj</file>
         <name>fwc.obj</name>
      </input_file>
      <input_file id="fl-5">
         <path>.\libraries\control\mtpa\</path>
         <kind>object</kind>
         <file>mtpa.obj</file>
         <name>mtpa.obj</name>
      </input_file>
      <input_file id="fl-6">
         <path>.\libraries\control\pi\</path>
         <kind>object</kind>
         <file>pi.obj</file>
         <name>pi.obj</name>
      </input_file>
      <input_file id="fl-7">
         <path>.\libraries\control\vs_freq\</path>
         <kind>object</kind>
         <file>vs_freq.obj</file>
         <name>vs_freq.obj</name>
      </input_file>
      <input_file id="fl-8">
         <path>.\libraries\dacs\dac128s085\</path>
         <kind>object</kind>
         <file>dac128s085.obj</file>
         <name>dac128s085.obj</name>
      </input_file>
      <input_file id="fl-9">
         <path>.\libraries\filter\filter_fo\</path>
         <kind>object</kind>
         <file>filter_fo.obj</file>
         <name>filter_fo.obj</name>
      </input_file>
      <input_file id="fl-a">
         <path>.\libraries\observers\encoder\</path>
         <kind>object</kind>
         <file>encoder.obj</file>
         <name>encoder.obj</name>
      </input_file>
      <input_file id="fl-b">
         <path>.\libraries\observers\esmo\</path>
         <kind>object</kind>
         <file>esmo.obj</file>
         <name>esmo.obj</name>
      </input_file>
      <input_file id="fl-c">
         <path>.\libraries\observers\hall\</path>
         <kind>object</kind>
         <file>hall.obj</file>
         <name>hall.obj</name>
      </input_file>
      <input_file id="fl-d">
         <path>.\libraries\observers\isbldc\</path>
         <kind>object</kind>
         <file>isbldc.obj</file>
         <name>isbldc.obj</name>
      </input_file>
      <input_file id="fl-e">
         <path>.\libraries\observers\speedcalc\</path>
         <kind>object</kind>
         <file>speedcalc.obj</file>
         <name>speedcalc.obj</name>
      </input_file>
      <input_file id="fl-f">
         <path>.\libraries\observers\speedfr\</path>
         <kind>object</kind>
         <file>speedfr.obj</file>
         <name>speedfr.obj</name>
      </input_file>
      <input_file id="fl-10">
         <path>.\libraries\observers\ssipd\</path>
         <kind>object</kind>
         <file>ssipd.obj</file>
         <name>ssipd.obj</name>
      </input_file>
      <input_file id="fl-11">
         <path>.\libraries\sfra\</path>
         <kind>object</kind>
         <file>sfra_gui.obj</file>
         <name>sfra_gui.obj</name>
      </input_file>
      <input_file id="fl-12">
         <path>.\libraries\sfra\</path>
         <kind>object</kind>
         <file>sfra_gui_scicomms_driverlib.obj</file>
         <name>sfra_gui_scicomms_driverlib.obj</name>
      </input_file>
      <input_file id="fl-13">
         <path>.\libraries\transforms\clarke\</path>
         <kind>object</kind>
         <file>clarke.obj</file>
         <name>clarke.obj</name>
      </input_file>
      <input_file id="fl-14">
         <path>.\libraries\transforms\ipark\</path>
         <kind>object</kind>
         <file>ipark.obj</file>
         <name>ipark.obj</name>
      </input_file>
      <input_file id="fl-15">
         <path>.\libraries\transforms\park\</path>
         <kind>object</kind>
         <file>park.obj</file>
         <name>park.obj</name>
      </input_file>
      <input_file id="fl-16">
         <path>.\libraries\transforms\svgen\</path>
         <kind>object</kind>
         <file>svgen.obj</file>
         <name>svgen.obj</name>
      </input_file>
      <input_file id="fl-17">
         <path>.\libraries\transforms\svgen\</path>
         <kind>object</kind>
         <file>svgen_current.obj</file>
         <name>svgen_current.obj</name>
      </input_file>
      <input_file id="fl-18">
         <path>.\libraries\transforms\volts\</path>
         <kind>object</kind>
         <file>volt_recons.obj</file>
         <name>volt_recons.obj</name>
      </input_file>
      <input_file id="fl-19">
         <path>.\libraries\utilities\angle_gen\</path>
         <kind>object</kind>
         <file>angle_gen.obj</file>
         <name>angle_gen.obj</name>
      </input_file>
      <input_file id="fl-1a">
         <path>.\libraries\utilities\cpu_time\</path>
         <kind>object</kind>
         <file>cpu_time.obj</file>
         <name>cpu_time.obj</name>
      </input_file>
      <input_file id="fl-1b">
         <path>.\libraries\utilities\datalog\</path>
         <kind>object</kind>
         <file>datalogIF.obj</file>
         <name>datalogIF.obj</name>
      </input_file>
      <input_file id="fl-1c">
         <path>.\libraries\utilities\mod6cnt\</path>
         <kind>object</kind>
         <file>mod6cnt.obj</file>
         <name>mod6cnt.obj</name>
      </input_file>
      <input_file id="fl-1d">
         <path>.\libraries\utilities\rimpulse\</path>
         <kind>object</kind>
         <file>rimpulse.obj</file>
         <name>rimpulse.obj</name>
      </input_file>
      <input_file id="fl-1e">
         <path>.\libraries\utilities\step_response\</path>
         <kind>object</kind>
         <file>step_response.obj</file>
         <name>step_response.obj</name>
      </input_file>
      <input_file id="fl-1f">
         <path>.\libraries\utilities\traj\</path>
         <kind>object</kind>
         <file>traj.obj</file>
         <name>traj.obj</name>
      </input_file>
      <input_file id="fl-20">
         <path>.\src_board\drvic\</path>
         <kind>object</kind>
         <file>drv8316s.obj</file>
         <name>drv8316s.obj</name>
      </input_file>
      <input_file id="fl-21">
         <path>.\src_board\</path>
         <kind>object</kind>
         <file>hal.obj</file>
         <name>hal.obj</name>
      </input_file>
      <input_file id="fl-22">
         <path>.\src_board\</path>
         <kind>object</kind>
         <file>user_mtr1.obj</file>
         <name>user_mtr1.obj</name>
      </input_file>
      <input_file id="fl-23">
         <path>.\src_control\</path>
         <kind>object</kind>
         <file>communication.obj</file>
         <name>communication.obj</name>
      </input_file>
      <input_file id="fl-24">
         <path>.\src_control\</path>
         <kind>object</kind>
         <file>motor1_drive.obj</file>
         <name>motor1_drive.obj</name>
      </input_file>
      <input_file id="fl-25">
         <path>.\src_control\</path>
         <kind>object</kind>
         <file>motor_common.obj</file>
         <name>motor_common.obj</name>
      </input_file>
      <input_file id="fl-26">
         <path>.\src_device\</path>
         <kind>object</kind>
         <file>device.obj</file>
         <name>device.obj</name>
      </input_file>
      <input_file id="fl-27">
         <path>.\src_device\</path>
         <kind>object</kind>
         <file>f28003x_codestartbranch.obj</file>
         <name>f28003x_codestartbranch.obj</name>
      </input_file>
      <input_file id="fl-28">
         <path>.\src_device\</path>
         <kind>object</kind>
         <file>f28003x_globalvariabledefs.obj</file>
         <name>f28003x_globalvariabledefs.obj</name>
      </input_file>
      <input_file id="fl-29">
         <path>.\tcan4550\</path>
         <kind>object</kind>
         <file>TCAN4550.obj</file>
         <name>TCAN4550.obj</name>
      </input_file>
      <input_file id="fl-2a">
         <path>.\tcan4550\</path>
         <kind>object</kind>
         <file>TCAN4x5x_SPI.obj</file>
         <name>TCAN4x5x_SPI.obj</name>
      </input_file>
      <input_file id="fl-34">
         <kind>object</kind>
         <file>&lt;internal&gt;</file>
         <name>&lt;internal&gt;</name>
      </input_file>
      <input_file id="fl-38">
         <path>..\libraries\observers\est_lib\</path>
         <kind>archive</kind>
         <file>fast_full_lib_eabi.lib</file>
         <name>est_all_identify_flib_priv.obj</name>
      </input_file>
      <input_file id="fl-39">
         <path>..\libraries\observers\est_lib\</path>
         <kind>archive</kind>
         <file>fast_full_lib_eabi.lib</file>
         <name>est_all_run_flib_priv.obj</name>
      </input_file>
      <input_file id="fl-3a">
         <path>..\libraries\observers\est_lib\</path>
         <kind>archive</kind>
         <file>fast_full_lib_eabi.lib</file>
         <name>est_all_setup_flib_priv.obj</name>
      </input_file>
      <input_file id="fl-3b">
         <path>..\libraries\observers\est_lib\</path>
         <kind>archive</kind>
         <file>fast_full_lib_eabi.lib</file>
         <name>est_flib_priv.obj</name>
      </input_file>
      <input_file id="fl-3c">
         <path>..\libraries\observers\est_lib\</path>
         <kind>archive</kind>
         <file>fast_full_lib_eabi.lib</file>
         <name>user_flib_priv.obj</name>
      </input_file>
      <input_file id="fl-3d">
         <path>..\libraries\observers\est_lib\</path>
         <kind>archive</kind>
         <file>fast_full_lib_eabi.lib</file>
         <name>est_Angle_flib_priv.obj</name>
      </input_file>
      <input_file id="fl-3e">
         <path>..\libraries\observers\est_lib\</path>
         <kind>archive</kind>
         <file>fast_full_lib_eabi.lib</file>
         <name>est_Dir_flib_priv.obj</name>
      </input_file>
      <input_file id="fl-3f">
         <path>..\libraries\observers\est_lib\</path>
         <kind>archive</kind>
         <file>fast_full_lib_eabi.lib</file>
         <name>est_Eab_flib_priv.obj</name>
      </input_file>
      <input_file id="fl-40">
         <path>..\libraries\observers\est_lib\</path>
         <kind>archive</kind>
         <file>fast_full_lib_eabi.lib</file>
         <name>est_Edq_flib_priv.obj</name>
      </input_file>
      <input_file id="fl-41">
         <path>..\libraries\observers\est_lib\</path>
         <kind>archive</kind>
         <file>fast_full_lib_eabi.lib</file>
         <name>est_Flux_ab_flib_priv.obj</name>
      </input_file>
      <input_file id="fl-42">
         <path>..\libraries\observers\est_lib\</path>
         <kind>archive</kind>
         <file>fast_full_lib_eabi.lib</file>
         <name>est_Flux_dq_flib_priv.obj</name>
      </input_file>
      <input_file id="fl-43">
         <path>..\libraries\observers\est_lib\</path>
         <kind>archive</kind>
         <file>fast_full_lib_eabi.lib</file>
         <name>est_Flux_flib_priv.obj</name>
      </input_file>
      <input_file id="fl-44">
         <path>..\libraries\observers\est_lib\</path>
         <kind>archive</kind>
         <file>fast_full_lib_eabi.lib</file>
         <name>est_Freq_flib_priv.obj</name>
      </input_file>
      <input_file id="fl-45">
         <path>..\libraries\observers\est_lib\</path>
         <kind>archive</kind>
         <file>fast_full_lib_eabi.lib</file>
         <name>est_Iab_flib_priv.obj</name>
      </input_file>
      <input_file id="fl-46">
         <path>..\libraries\observers\est_lib\</path>
         <kind>archive</kind>
         <file>fast_full_lib_eabi.lib</file>
         <name>est_Idq_flib_priv.obj</name>
      </input_file>
      <input_file id="fl-47">
         <path>..\libraries\observers\est_lib\</path>
         <kind>archive</kind>
         <file>fast_full_lib_eabi.lib</file>
         <name>est_Ls_flib_priv.obj</name>
      </input_file>
      <input_file id="fl-48">
         <path>..\libraries\observers\est_lib\</path>
         <kind>archive</kind>
         <file>fast_full_lib_eabi.lib</file>
         <name>est_OneOverDcBus_flib_priv.obj</name>
      </input_file>
      <input_file id="fl-49">
         <path>..\libraries\observers\est_lib\</path>
         <kind>archive</kind>
         <file>fast_full_lib_eabi.lib</file>
         <name>est_Rr_flib_priv.obj</name>
      </input_file>
      <input_file id="fl-4a">
         <path>..\libraries\observers\est_lib\</path>
         <kind>archive</kind>
         <file>fast_full_lib_eabi.lib</file>
         <name>est_RsOnLine_flib_priv.obj</name>
      </input_file>
      <input_file id="fl-4b">
         <path>..\libraries\observers\est_lib\</path>
         <kind>archive</kind>
         <file>fast_full_lib_eabi.lib</file>
         <name>est_Rs_flib_priv.obj</name>
      </input_file>
      <input_file id="fl-4c">
         <path>..\libraries\observers\est_lib\</path>
         <kind>archive</kind>
         <file>fast_full_lib_eabi.lib</file>
         <name>est_Traj_flib_priv.obj</name>
      </input_file>
      <input_file id="fl-4d">
         <path>..\libraries\observers\est_lib\</path>
         <kind>archive</kind>
         <file>fast_full_lib_eabi.lib</file>
         <name>est_Vab_flib_priv.obj</name>
      </input_file>
      <input_file id="fl-4e">
         <path>..\libraries\observers\est_lib\</path>
         <kind>archive</kind>
         <file>fast_full_lib_eabi.lib</file>
         <name>est_Vdq_flib_priv.obj</name>
      </input_file>
      <input_file id="fl-4f">
         <path>..\libraries\observers\est_lib\</path>
         <kind>archive</kind>
         <file>fast_full_lib_eabi.lib</file>
         <name>inverse_flib_priv.obj</name>
      </input_file>
      <input_file id="fl-50">
         <path>..\src_device\</path>
         <kind>archive</kind>
         <file>driverlib.lib</file>
         <name>adc.obj</name>
      </input_file>
      <input_file id="fl-51">
         <path>..\src_device\</path>
         <kind>archive</kind>
         <file>driverlib.lib</file>
         <name>can.obj</name>
      </input_file>
      <input_file id="fl-52">
         <path>..\src_device\</path>
         <kind>archive</kind>
         <file>driverlib.lib</file>
         <name>cmpss.obj</name>
      </input_file>
      <input_file id="fl-53">
         <path>..\src_device\</path>
         <kind>archive</kind>
         <file>driverlib.lib</file>
         <name>cputimer.obj</name>
      </input_file>
      <input_file id="fl-54">
         <path>..\src_device\</path>
         <kind>archive</kind>
         <file>driverlib.lib</file>
         <name>dcc.obj</name>
      </input_file>
      <input_file id="fl-55">
         <path>..\src_device\</path>
         <kind>archive</kind>
         <file>driverlib.lib</file>
         <name>epwm.obj</name>
      </input_file>
      <input_file id="fl-56">
         <path>..\src_device\</path>
         <kind>archive</kind>
         <file>driverlib.lib</file>
         <name>flash.obj</name>
      </input_file>
      <input_file id="fl-57">
         <path>..\src_device\</path>
         <kind>archive</kind>
         <file>driverlib.lib</file>
         <name>gpio.obj</name>
      </input_file>
      <input_file id="fl-58">
         <path>..\src_device\</path>
         <kind>archive</kind>
         <file>driverlib.lib</file>
         <name>i2c.obj</name>
      </input_file>
      <input_file id="fl-59">
         <path>..\src_device\</path>
         <kind>archive</kind>
         <file>driverlib.lib</file>
         <name>interrupt.obj</name>
      </input_file>
      <input_file id="fl-5a">
         <path>..\src_device\</path>
         <kind>archive</kind>
         <file>driverlib.lib</file>
         <name>sci.obj</name>
      </input_file>
      <input_file id="fl-5b">
         <path>..\src_device\</path>
         <kind>archive</kind>
         <file>driverlib.lib</file>
         <name>spi.obj</name>
      </input_file>
      <input_file id="fl-5c">
         <path>..\src_device\</path>
         <kind>archive</kind>
         <file>driverlib.lib</file>
         <name>sysctl.obj</name>
      </input_file>
      <input_file id="fl-5d">
         <path>..\src_device\</path>
         <kind>archive</kind>
         <file>driverlib.lib</file>
         <name>xbar.obj</name>
      </input_file>
      <input_file id="fl-69">
         <path>C:\ti\ccs2040\ccs\tools\compiler\ti-cgt-c2000_22.6.3.LTS\lib\</path>
         <kind>archive</kind>
         <file>rts2800_fpu32_eabi.lib</file>
         <name>e_acosf.c.obj</name>
      </input_file>
      <input_file id="fl-6a">
         <path>C:\ti\ccs2040\ccs\tools\compiler\ti-cgt-c2000_22.6.3.LTS\lib\</path>
         <kind>archive</kind>
         <file>rts2800_fpu32_eabi.lib</file>
         <name>e_sqrtf.c.obj</name>
      </input_file>
      <input_file id="fl-6b">
         <path>C:\ti\ccs2040\ccs\tools\compiler\ti-cgt-c2000_22.6.3.LTS\lib\</path>
         <kind>archive</kind>
         <file>rts2800_fpu32_eabi.lib</file>
         <name>boot28.asm.obj</name>
      </input_file>
      <input_file id="fl-6c">
         <path>C:\ti\ccs2040\ccs\tools\compiler\ti-cgt-c2000_22.6.3.LTS\lib\</path>
         <kind>archive</kind>
         <file>rts2800_fpu32_eabi.lib</file>
         <name>fd_cmp28.asm.obj</name>
      </input_file>
      <input_file id="fl-6d">
         <path>C:\ti\ccs2040\ccs\tools\compiler\ti-cgt-c2000_22.6.3.LTS\lib\</path>
         <kind>archive</kind>
         <file>rts2800_fpu32_eabi.lib</file>
         <name>fd_toi28.asm.obj</name>
      </input_file>
      <input_file id="fl-6e">
         <path>C:\ti\ccs2040\ccs\tools\compiler\ti-cgt-c2000_22.6.3.LTS\lib\</path>
         <kind>archive</kind>
         <file>rts2800_fpu32_eabi.lib</file>
         <name>fs_div28.asm.obj</name>
      </input_file>
      <input_file id="fl-6f">
         <path>C:\ti\ccs2040\ccs\tools\compiler\ti-cgt-c2000_22.6.3.LTS\lib\</path>
         <kind>archive</kind>
         <file>rts2800_fpu32_eabi.lib</file>
         <name>ll_cmp28.asm.obj</name>
      </input_file>
      <input_file id="fl-70">
         <path>C:\ti\ccs2040\ccs\tools\compiler\ti-cgt-c2000_22.6.3.LTS\lib\</path>
         <kind>archive</kind>
         <file>rts2800_fpu32_eabi.lib</file>
         <name>fs_tofdfpu32.asm.obj</name>
      </input_file>
      <input_file id="fl-71">
         <path>C:\ti\ccs2040\ccs\tools\compiler\ti-cgt-c2000_22.6.3.LTS\lib\</path>
         <kind>archive</kind>
         <file>rts2800_fpu32_eabi.lib</file>
         <name>memcpy.c.obj</name>
      </input_file>
      <input_file id="fl-72">
         <path>C:\ti\ccs2040\ccs\tools\compiler\ti-cgt-c2000_22.6.3.LTS\lib\</path>
         <kind>archive</kind>
         <file>rts2800_fpu32_eabi.lib</file>
         <name>pre_init.c.obj</name>
      </input_file>
      <input_file id="fl-73">
         <path>C:\ti\ccs2040\ccs\tools\compiler\ti-cgt-c2000_22.6.3.LTS\lib\</path>
         <kind>archive</kind>
         <file>rts2800_fpu32_eabi.lib</file>
         <name>autoinit.c.obj</name>
      </input_file>
      <input_file id="fl-74">
         <path>C:\ti\ccs2040\ccs\tools\compiler\ti-cgt-c2000_22.6.3.LTS\lib\</path>
         <kind>archive</kind>
         <file>rts2800_fpu32_eabi.lib</file>
         <name>copy_zero_init.c.obj</name>
      </input_file>
      <input_file id="fl-75">
         <path>C:\ti\ccs2040\ccs\tools\compiler\ti-cgt-c2000_22.6.3.LTS\lib\</path>
         <kind>archive</kind>
         <file>rts2800_fpu32_eabi.lib</file>
         <name>copy_decompress_none.c.obj</name>
      </input_file>
      <input_file id="fl-76">
         <path>C:\ti\ccs2040\ccs\tools\compiler\ti-cgt-c2000_22.6.3.LTS\lib\</path>
         <kind>archive</kind>
         <file>rts2800_fpu32_eabi.lib</file>
         <name>copy_decompress_lzss.c.obj</name>
      </input_file>
      <input_file id="fl-77">
         <path>C:\ti\ccs2040\ccs\tools\compiler\ti-cgt-c2000_22.6.3.LTS\lib\</path>
         <kind>archive</kind>
         <file>rts2800_fpu32_eabi.lib</file>
         <name>exit.c.obj</name>
      </input_file>
      <input_file id="fl-78">
         <path>C:\ti\ccs2040\ccs\tools\compiler\ti-cgt-c2000_22.6.3.LTS\lib\</path>
         <kind>archive</kind>
         <file>rts2800_fpu32_eabi.lib</file>
         <name>_lock.c.obj</name>
      </input_file>
      <input_file id="fl-79">
         <path>C:\ti\ccs2040\ccs\tools\compiler\ti-cgt-c2000_22.6.3.LTS\lib\</path>
         <kind>archive</kind>
         <file>rts2800_fpu32_eabi.lib</file>
         <name>args_main.c.obj</name>
      </input_file>
      <input_file id="fl-7a">
         <path>C:\ti\ccs2040\ccs\tools\compiler\ti-cgt-c2000_22.6.3.LTS\lib\</path>
         <kind>archive</kind>
         <file>rts2800_fpu32_eabi.lib</file>
         <name>memset.c.obj</name>
      </input_file>
      <input_file id="fl-7b">
         <path>C:\ti\ccs2040\ccs\tools\compiler\ti-cgt-c2000_22.6.3.LTS\lib\</path>
         <kind>archive</kind>
         <file>rts2800_fpu32_eabi.lib</file>
         <name>errno.c.obj</name>
      </input_file>
      <input_file id="fl-7c">
         <path>C:\ti\ccs2040\ccs\tools\compiler\ti-cgt-c2000_22.6.3.LTS\lib\</path>
         <kind>archive</kind>
         <file>rts2800_fpu32_eabi.lib</file>
         <name>cpy_tbl.c.obj</name>
      </input_file>
      <input_file id="fl-7d">
         <path>C:\ti\ccs2040\ccs\tools\compiler\ti-cgt-c2000_22.6.3.LTS\lib\</path>
         <kind>archive</kind>
         <file>rts2800_fpu32_eabi.lib</file>
         <name>startup.c.obj</name>
      </input_file>
   </input_file_list>
   <object_component_list>
      <object_component id="oc-ae">
         <name>codestart</name>
         <load_address>0x80000</load_address>
         <run_address>0x80000</run_address>
         <size>0x2</size>
         <input_file_ref idref="fl-27"/>
      </object_component>
      <object_component id="oc-ea">
         <name>.text:main</name>
         <load_address>0x81000</load_address>
         <run_address>0x81000</run_address>
         <size>0x494</size>
         <input_file_ref idref="fl-2"/>
      </object_component>
      <object_component id="oc-3a3">
         <name>.text:EST_setParams</name>
         <load_address>0x81494</load_address>
         <run_address>0x81494</run_address>
         <size>0x408</size>
         <input_file_ref idref="fl-3b"/>
      </object_component>
      <object_component id="oc-213">
         <name>.text:runMotor1OffsetsCalculation</name>
         <load_address>0x8189c</load_address>
         <run_address>0x8189c</run_address>
         <size>0x3dc</size>
         <input_file_ref idref="fl-24"/>
      </object_component>
      <object_component id="oc-1e2">
         <name>.text:HAL_setupGPIOs</name>
         <load_address>0x81c78</load_address>
         <run_address>0x81c78</run_address>
         <size>0x35b</size>
         <input_file_ref idref="fl-21"/>
      </object_component>
      <object_component id="oc-25e">
         <name>.text:runMotor1Control</name>
         <load_address>0x81fd3</load_address>
         <run_address>0x81fd3</run_address>
         <size>0x33f</size>
         <input_file_ref idref="fl-24"/>
      </object_component>
      <object_component id="oc-1dc">
         <name>.text:initMotor1CtrlParameters</name>
         <load_address>0x82312</load_address>
         <run_address>0x82312</run_address>
         <size>0x2ac</size>
         <input_file_ref idref="fl-24"/>
      </object_component>
      <object_component id="oc-258">
         <name>.text:updateCANCmdFreq</name>
         <load_address>0x825be</load_address>
         <run_address>0x825be</run_address>
         <size>0x292</size>
         <input_file_ref idref="fl-23"/>
      </object_component>
      <object_component id="oc-43e">
         <name>.text:EST_updateState</name>
         <load_address>0x82850</load_address>
         <run_address>0x82850</run_address>
         <size>0x284</size>
         <input_file_ref idref="fl-3b"/>
      </object_component>
      <object_component id="oc-354">
         <name>.text:USER_setMotor1Params</name>
         <load_address>0x82ad4</load_address>
         <run_address>0x82ad4</run_address>
         <size>0x256</size>
         <input_file_ref idref="fl-22"/>
      </object_component>
      <object_component id="oc-252">
         <name>.text:runMotorMonitor</name>
         <load_address>0x82d2a</load_address>
         <run_address>0x82d2a</run_address>
         <size>0x1ec</size>
         <input_file_ref idref="fl-25"/>
      </object_component>
      <object_component id="oc-57c">
         <name>.text:EST_reset</name>
         <load_address>0x82f16</load_address>
         <run_address>0x82f16</run_address>
         <size>0x1be</size>
         <input_file_ref idref="fl-3b"/>
      </object_component>
      <object_component id="oc-4fa">
         <name>.text:HAL_setupPWMs</name>
         <load_address>0x830d4</load_address>
         <run_address>0x830d4</run_address>
         <size>0x172</size>
         <input_file_ref idref="fl-21"/>
      </object_component>
      <object_component id="oc-28e">
         <name>.text:CAN_B_DATA_READ</name>
         <load_address>0x83246</load_address>
         <run_address>0x83246</run_address>
         <size>0x165</size>
         <input_file_ref idref="fl-23"/>
      </object_component>
      <object_component id="oc-32c">
         <name>.text:HAL_setupADCs</name>
         <load_address>0x833ab</load_address>
         <run_address>0x833ab</run_address>
         <size>0x15f</size>
         <input_file_ref idref="fl-21"/>
      </object_component>
      <object_component id="oc-500">
         <name>.text:HAL_setupCMPSSs</name>
         <load_address>0x8350a</load_address>
         <run_address>0x8350a</run_address>
         <size>0x15d</size>
         <input_file_ref idref="fl-21"/>
      </object_component>
      <object_component id="oc-315">
         <name>.text:SysCtl_setClock</name>
         <load_address>0x83667</load_address>
         <run_address>0x83667</run_address>
         <size>0x11d</size>
         <input_file_ref idref="fl-5c"/>
      </object_component>
      <object_component id="oc-3ab">
         <name>.text:setupControllers</name>
         <load_address>0x83784</load_address>
         <run_address>0x83784</run_address>
         <size>0x118</size>
         <input_file_ref idref="fl-25"/>
      </object_component>
      <object_component id="oc-588">
         <name>.text:EST_Traj_configure</name>
         <load_address>0x8389c</load_address>
         <run_address>0x8389c</run_address>
         <size>0x10f</size>
         <input_file_ref idref="fl-4c"/>
      </object_component>
      <object_component id="oc-176">
         <name>.text</name>
         <load_address>0x839ab</load_address>
         <run_address>0x839ab</run_address>
         <size>0x101</size>
         <input_file_ref idref="fl-69"/>
      </object_component>
      <object_component id="oc-506">
         <name>.text:HAL_setupMtrFaults</name>
         <load_address>0x83aac</load_address>
         <run_address>0x83aac</run_address>
         <size>0xec</size>
         <input_file_ref idref="fl-21"/>
      </object_component>
      <object_component id="oc-4c2">
         <name>.text:SysCtl_isPLLValid</name>
         <load_address>0x83b98</load_address>
         <run_address>0x83b98</run_address>
         <size>0xe9</size>
         <input_file_ref idref="fl-5c"/>
      </object_component>
      <object_component id="oc-425">
         <name>.text:getHallAngle</name>
         <load_address>0x83c81</load_address>
         <run_address>0x83c81</run_address>
         <size>0xdd</size>
         <input_file_ref idref="fl-24"/>
      </object_component>
      <object_component id="oc-44b">
         <name>.text:updateGlobalVariables</name>
         <load_address>0x83d5e</load_address>
         <run_address>0x83d5e</run_address>
         <size>0xdc</size>
         <input_file_ref idref="fl-25"/>
      </object_component>
      <object_component id="oc-31b">
         <name>.text:Device_enableAllPeripherals</name>
         <load_address>0x83e3a</load_address>
         <run_address>0x83e3a</run_address>
         <size>0xd3</size>
         <input_file_ref idref="fl-26"/>
      </object_component>
      <object_component id="oc-22b">
         <name>.text:SPI_InitSequence</name>
         <load_address>0x83f0d</load_address>
         <run_address>0x83f0d</run_address>
         <size>0xcb</size>
         <input_file_ref idref="fl-2"/>
      </object_component>
      <object_component id="oc-525">
         <name>.text:EST_init</name>
         <load_address>0x83fd8</load_address>
         <run_address>0x83fd8</run_address>
         <size>0xc4</size>
         <input_file_ref idref="fl-3b"/>
      </object_component>
      <object_component id="oc-544">
         <name>.text:EST_Traj_setParams</name>
         <load_address>0x8409c</load_address>
         <run_address>0x8409c</run_address>
         <size>0xab</size>
         <input_file_ref idref="fl-4c"/>
      </object_component>
      <object_component id="oc-2cf">
         <name>.text:CAN_setupMessageObject</name>
         <load_address>0x84147</load_address>
         <run_address>0x84147</run_address>
         <size>0xa3</size>
         <input_file_ref idref="fl-51"/>
      </object_component>
      <object_component id="oc-55c">
         <name>.text:DRV8316_writeSPI</name>
         <load_address>0x841ea</load_address>
         <run_address>0x841ea</run_address>
         <size>0x9b</size>
         <input_file_ref idref="fl-20"/>
      </object_component>
      <object_component id="oc-45d">
         <name>.text:SPI_pollingFIFOTransaction</name>
         <load_address>0x84285</load_address>
         <run_address>0x84285</run_address>
         <size>0x9a</size>
         <input_file_ref idref="fl-5b"/>
      </object_component>
      <object_component id="oc-435">
         <name>.text:resetMotorControl</name>
         <load_address>0x8431f</load_address>
         <run_address>0x8431f</run_address>
         <size>0x8a</size>
         <input_file_ref idref="fl-25"/>
      </object_component>
      <object_component id="oc-2eb">
         <name>.text</name>
         <load_address>0x843a9</load_address>
         <run_address>0x843a9</run_address>
         <size>0x88</size>
         <input_file_ref idref="fl-6e"/>
      </object_component>
      <object_component id="oc-529">
         <name>.text:EST_Dir_setLpFilterParams</name>
         <load_address>0x84431</load_address>
         <run_address>0x84431</run_address>
         <size>0x86</size>
         <input_file_ref idref="fl-3e"/>
      </object_component>
      <object_component id="oc-24c">
         <name>.text:calculateRMSData</name>
         <load_address>0x844b7</load_address>
         <run_address>0x844b7</run_address>
         <size>0x86</size>
         <input_file_ref idref="fl-25"/>
      </object_component>
      <object_component id="oc-1fa">
         <name>.text:CPU_TIME_reset</name>
         <load_address>0x8453d</load_address>
         <run_address>0x8453d</run_address>
         <size>0x84</size>
         <input_file_ref idref="fl-1a"/>
      </object_component>
      <object_component id="oc-50c">
         <name>.text:HAL_setupSPI</name>
         <load_address>0x845c1</load_address>
         <run_address>0x845c1</run_address>
         <size>0x81</size>
         <input_file_ref idref="fl-21"/>
      </object_component>
      <object_component id="oc-556">
         <name>.text:DRV8316_readSPI</name>
         <load_address>0x84642</load_address>
         <run_address>0x84642</run_address>
         <size>0x7c</size>
         <input_file_ref idref="fl-20"/>
      </object_component>
      <object_component id="oc-353">
         <name>.text:USER_setParams_priv</name>
         <load_address>0x846be</load_address>
         <run_address>0x846be</run_address>
         <size>0x77</size>
         <input_file_ref idref="fl-3c"/>
      </object_component>
      <object_component id="oc-344">
         <name>.text:HAL_setupI2CA</name>
         <load_address>0x84735</load_address>
         <run_address>0x84735</run_address>
         <size>0x6a</size>
         <input_file_ref idref="fl-21"/>
      </object_component>
      <object_component id="oc-34c">
         <name>.text:HAL_MTR1_init</name>
         <load_address>0x8479f</load_address>
         <run_address>0x8479f</run_address>
         <size>0x69</size>
         <input_file_ref idref="fl-21"/>
      </object_component>
      <object_component id="oc-1e8">
         <name>.text:HAL_MTR_setGateDriver</name>
         <load_address>0x84808</load_address>
         <run_address>0x84808</run_address>
         <size>0x63</size>
         <input_file_ref idref="fl-21"/>
      </object_component>
      <object_component id="oc-445">
         <name>.text:runRsOnLine</name>
         <load_address>0x8486b</load_address>
         <run_address>0x8486b</run_address>
         <size>0x61</size>
         <input_file_ref idref="fl-25"/>
      </object_component>
      <object_component id="oc-150">
         <name>.text:HAL_setupCAN</name>
         <load_address>0x848cc</load_address>
         <run_address>0x848cc</run_address>
         <size>0x60</size>
         <input_file_ref idref="fl-23"/>
      </object_component>
      <object_component id="oc-52e">
         <name>.text:EST_Flux_setParams</name>
         <load_address>0x8492c</load_address>
         <run_address>0x8492c</run_address>
         <size>0x5c</size>
         <input_file_ref idref="fl-43"/>
      </object_component>
      <object_component id="oc-57a">
         <name>.text:EST_Traj_updateState</name>
         <load_address>0x84988</load_address>
         <run_address>0x84988</run_address>
         <size>0x59</size>
         <input_file_ref idref="fl-4c"/>
      </object_component>
      <object_component id="oc-190">
         <name>.text:collectRMSData</name>
         <load_address>0x849e1</load_address>
         <run_address>0x849e1</run_address>
         <size>0x53</size>
         <input_file_ref idref="fl-25"/>
      </object_component>
      <object_component id="oc-42d">
         <name>.text:restartMotorControl</name>
         <load_address>0x84a34</load_address>
         <run_address>0x84a34</run_address>
         <size>0x53</size>
         <input_file_ref idref="fl-25"/>
      </object_component>
      <object_component id="oc-33e">
         <name>.text:HAL_setupSCIA</name>
         <load_address>0x84a87</load_address>
         <run_address>0x84a87</run_address>
         <size>0x52</size>
         <input_file_ref idref="fl-21"/>
      </object_component>
      <object_component id="oc-20d">
         <name>.text:DAC128S_setupSPI</name>
         <load_address>0x84ad9</load_address>
         <run_address>0x84ad9</run_address>
         <size>0x4f</size>
         <input_file_ref idref="fl-8"/>
      </object_component>
      <object_component id="oc-e1">
         <name>.text:initCANCOM</name>
         <load_address>0x84b28</load_address>
         <run_address>0x84b28</run_address>
         <size>0x4f</size>
         <input_file_ref idref="fl-23"/>
      </object_component>
      <object_component id="oc-207">
         <name>.text:DAC128S_setupSPIBR</name>
         <load_address>0x84b77</load_address>
         <run_address>0x84b77</run_address>
         <size>0x4e</size>
         <input_file_ref idref="fl-8"/>
      </object_component>
      <object_component id="oc-533">
         <name>.text:EST_Freq_setParams</name>
         <load_address>0x84bc5</load_address>
         <run_address>0x84bc5</run_address>
         <size>0x4e</size>
         <input_file_ref idref="fl-44"/>
      </object_component>
      <object_component id="oc-3dd">
         <name>.text:DRV8316_writeData</name>
         <load_address>0x84c13</load_address>
         <run_address>0x84c13</run_address>
         <size>0x4d</size>
         <input_file_ref idref="fl-20"/>
      </object_component>
      <object_component id="oc-3d1">
         <name>.text:DRV8316_enable</name>
         <load_address>0x84c60</load_address>
         <run_address>0x84c60</run_address>
         <size>0x4c</size>
         <input_file_ref idref="fl-20"/>
      </object_component>
      <object_component id="oc-52a">
         <name>.text:EST_Dir_setHpFilterParams</name>
         <load_address>0x84cac</load_address>
         <run_address>0x84cac</run_address>
         <size>0x4a</size>
         <input_file_ref idref="fl-3e"/>
      </object_component>
      <object_component id="oc-65c">
         <name>.text:EST_Flux_ab_setDerFilterParams</name>
         <load_address>0x84cf6</load_address>
         <run_address>0x84cf6</run_address>
         <size>0x4a</size>
         <input_file_ref idref="fl-41"/>
      </object_component>
      <object_component id="oc-65f">
         <name>.text:EST_Iab_setLpFilterParams</name>
         <load_address>0x84d40</load_address>
         <run_address>0x84d40</run_address>
         <size>0x4a</size>
         <input_file_ref idref="fl-45"/>
      </object_component>
      <object_component id="oc-660">
         <name>.text:EST_Idq_setLpFilterParams</name>
         <load_address>0x84d8a</load_address>
         <run_address>0x84d8a</run_address>
         <size>0x4a</size>
         <input_file_ref idref="fl-46"/>
      </object_component>
      <object_component id="oc-662">
         <name>.text:EST_Vdq_setLpFilterParams</name>
         <load_address>0x84dd4</load_address>
         <run_address>0x84dd4</run_address>
         <size>0x4a</size>
         <input_file_ref idref="fl-4e"/>
      </object_component>
      <object_component id="oc-3d7">
         <name>.text:DRV8316_setupSPI</name>
         <load_address>0x84e1e</load_address>
         <run_address>0x84e1e</run_address>
         <size>0x49</size>
         <input_file_ref idref="fl-20"/>
      </object_component>
      <object_component id="oc-234">
         <name>.text:EEPROM_readByte</name>
         <load_address>0x84e67</load_address>
         <run_address>0x84e67</run_address>
         <size>0x49</size>
         <input_file_ref idref="fl-2"/>
      </object_component>
      <object_component id="oc-3e3">
         <name>.text:DRV8316_readData</name>
         <load_address>0x84eb0</load_address>
         <run_address>0x84eb0</run_address>
         <size>0x48</size>
         <input_file_ref idref="fl-20"/>
      </object_component>
      <object_component id="oc-542">
         <name>.text:EST_RsOnLine_setParams</name>
         <load_address>0x84ef8</load_address>
         <run_address>0x84ef8</run_address>
         <size>0x45</size>
         <input_file_ref idref="fl-4a"/>
      </object_component>
      <object_component id="oc-321">
         <name>.text:GPIO_setAnalogMode</name>
         <load_address>0x84f3d</load_address>
         <run_address>0x84f3d</run_address>
         <size>0x45</size>
         <input_file_ref idref="fl-57"/>
      </object_component>
      <object_component id="oc-5f0">
         <name>.text:SysCtl_selectXTAL</name>
         <load_address>0x84f82</load_address>
         <run_address>0x84f82</run_address>
         <size>0x45</size>
         <input_file_ref idref="fl-5c"/>
      </object_component>
      <object_component id="oc-1be">
         <name>.text:Interrupt_initModule</name>
         <load_address>0x84fc7</load_address>
         <run_address>0x84fc7</run_address>
         <size>0x41</size>
         <input_file_ref idref="fl-59"/>
      </object_component>
      <object_component id="oc-1ee">
         <name>.text:HAL_setupSPIB_Encoder</name>
         <load_address>0x85008</load_address>
         <run_address>0x85008</run_address>
         <size>0x40</size>
         <input_file_ref idref="fl-21"/>
      </object_component>
      <object_component id="oc-1b2">
         <name>.text:Device_init</name>
         <load_address>0x85048</load_address>
         <run_address>0x85048</run_address>
         <size>0x3f</size>
         <input_file_ref idref="fl-26"/>
      </object_component>
      <object_component id="oc-53a">
         <name>.text:EST_Ls_setParams</name>
         <load_address>0x85087</load_address>
         <run_address>0x85087</run_address>
         <size>0x3f</size>
         <input_file_ref idref="fl-47"/>
      </object_component>
      <object_component id="oc-3b2">
         <name>.text:GPIO_setPadConfig</name>
         <load_address>0x850c6</load_address>
         <run_address>0x850c6</run_address>
         <size>0x3f</size>
         <input_file_ref idref="fl-57"/>
      </object_component>
      <object_component id="oc-6a1">
         <name>.text:SysCtl_pollX1Counter</name>
         <load_address>0x85105</load_address>
         <run_address>0x85105</run_address>
         <size>0x3e</size>
         <input_file_ref idref="fl-5c"/>
      </object_component>
      <object_component id="oc-543">
         <name>.text:EST_RsOnLine_setLpFilterParams</name>
         <load_address>0x85143</load_address>
         <run_address>0x85143</run_address>
         <size>0x3d</size>
         <input_file_ref idref="fl-4a"/>
      </object_component>
      <object_component id="oc-407">
         <name>.text:I2C_initController</name>
         <load_address>0x85180</load_address>
         <run_address>0x85180</run_address>
         <size>0x3c</size>
         <input_file_ref idref="fl-58"/>
      </object_component>
      <object_component id="oc-584">
         <name>.text:EST_Flux_updateState</name>
         <load_address>0x851bc</load_address>
         <run_address>0x851bc</run_address>
         <size>0x3a</size>
         <input_file_ref idref="fl-43"/>
      </object_component>
      <object_component id="oc-41b">
         <name>.text:CAN_sendMessage</name>
         <load_address>0x851f6</load_address>
         <run_address>0x851f6</run_address>
         <size>0x39</size>
         <input_file_ref idref="fl-51"/>
      </object_component>
      <object_component id="oc-1c4">
         <name>.text:HAL_init</name>
         <load_address>0x8522f</load_address>
         <run_address>0x8522f</run_address>
         <size>0x39</size>
         <input_file_ref idref="fl-21"/>
      </object_component>
      <object_component id="oc-130">
         <name>.text:CAN_readMessage</name>
         <load_address>0x85268</load_address>
         <run_address>0x85268</run_address>
         <size>0x37</size>
         <input_file_ref idref="fl-51"/>
      </object_component>
      <object_component id="oc-23a">
         <name>.text:EEPROM_writeFloat</name>
         <load_address>0x8529f</load_address>
         <run_address>0x8529f</run_address>
         <size>0x37</size>
         <input_file_ref idref="fl-2"/>
      </object_component>
      <object_component id="oc-2d5">
         <name>.text:Interrupt_enable</name>
         <load_address>0x852d6</load_address>
         <run_address>0x852d6</run_address>
         <size>0x36</size>
         <input_file_ref idref="fl-59"/>
      </object_component>
      <object_component id="oc-22e">
         <name>.text:EEPROM_readFloat</name>
         <load_address>0x8530c</load_address>
         <run_address>0x8530c</run_address>
         <size>0x35</size>
         <input_file_ref idref="fl-2"/>
      </object_component>
      <object_component id="oc-57f">
         <name>.text:EST_Ls_updateState</name>
         <load_address>0x85341</load_address>
         <run_address>0x85341</run_address>
         <size>0x35</size>
         <input_file_ref idref="fl-47"/>
      </object_component>
      <object_component id="oc-240">
         <name>.text:EEPROM_writeByte</name>
         <load_address>0x85376</load_address>
         <run_address>0x85376</run_address>
         <size>0x33</size>
         <input_file_ref idref="fl-2"/>
      </object_component>
      <object_component id="oc-57e">
         <name>.text:EST_Rr_updateState</name>
         <load_address>0x853a9</load_address>
         <run_address>0x853a9</run_address>
         <size>0x33</size>
         <input_file_ref idref="fl-49"/>
      </object_component>
      <object_component id="oc-586">
         <name>.text:EST_Rs_updateState</name>
         <load_address>0x853dc</load_address>
         <run_address>0x853dc</run_address>
         <size>0x33</size>
         <input_file_ref idref="fl-4b"/>
      </object_component>
      <object_component id="oc-225">
         <name>.text:InitI2C</name>
         <load_address>0x8540f</load_address>
         <run_address>0x8540f</run_address>
         <size>0x33</size>
         <input_file_ref idref="fl-2"/>
      </object_component>
      <object_component id="oc-639">
         <name>.text:EST_Dir_init</name>
         <load_address>0x85442</load_address>
         <run_address>0x85442</run_address>
         <size>0x31</size>
         <input_file_ref idref="fl-3e"/>
      </object_component>
      <object_component id="oc-4bc">
         <name>.text:SysCtl_selectOscSource</name>
         <load_address>0x85473</load_address>
         <run_address>0x85473</run_address>
         <size>0x31</size>
         <input_file_ref idref="fl-5c"/>
      </object_component>
      <object_component id="oc-2c9">
         <name>.text:CAN_setBitRate</name>
         <load_address>0x854a4</load_address>
         <run_address>0x854a4</run_address>
         <size>0x30</size>
         <input_file_ref idref="fl-51"/>
      </object_component>
      <object_component id="oc-49e">
         <name>.text:CAN_setBitTiming</name>
         <load_address>0x854d4</load_address>
         <run_address>0x854d4</run_address>
         <size>0x30</size>
         <input_file_ref idref="fl-51"/>
      </object_component>
      <object_component id="oc-13e">
         <name>.text:GPIO_setPinConfig</name>
         <load_address>0x85504</load_address>
         <run_address>0x85504</run_address>
         <size>0x30</size>
         <input_file_ref idref="fl-57"/>
      </object_component>
      <object_component id="oc-246">
         <name>.text:calcMotorOverCurrentThreshold</name>
         <load_address>0x85534</load_address>
         <run_address>0x85534</run_address>
         <size>0x2f</size>
         <input_file_ref idref="fl-25"/>
      </object_component>
      <object_component id="oc-674">
         <name>.text:EST_Iab_resetLpFilters</name>
         <load_address>0x85563</load_address>
         <run_address>0x85563</run_address>
         <size>0x2e</size>
         <input_file_ref idref="fl-45"/>
      </object_component>
      <object_component id="oc-a1">
         <name>.text:decompress:lzss</name>
         <load_address>0x85591</load_address>
         <run_address>0x85591</run_address>
         <size>0x2e</size>
         <input_file_ref idref="fl-76"/>
      </object_component>
      <object_component id="oc-35a">
         <name>.text:HAL_MTR_setParams</name>
         <load_address>0x855bf</load_address>
         <run_address>0x855bf</run_address>
         <size>0x2c</size>
         <input_file_ref idref="fl-21"/>
      </object_component>
      <object_component id="oc-61e">
         <name>.text:XBAR_setEPWMMuxConfig</name>
         <load_address>0x855eb</load_address>
         <run_address>0x855eb</run_address>
         <size>0x2b</size>
         <input_file_ref idref="fl-5d"/>
      </object_component>
      <object_component id="oc-5a6">
         <name>.text:__TI_auto_init_nobinit_nopinit</name>
         <load_address>0x85616</load_address>
         <run_address>0x85616</run_address>
         <size>0x2b</size>
         <input_file_ref idref="fl-73"/>
      </object_component>
      <object_component id="oc-65e">
         <name>.text:EST_Freq_setDerFilterParams</name>
         <load_address>0x85641</load_address>
         <run_address>0x85641</run_address>
         <size>0x2a</size>
         <input_file_ref idref="fl-44"/>
      </object_component>
      <object_component id="oc-65d">
         <name>.text:EST_Freq_setLpFilterParams</name>
         <load_address>0x8566b</load_address>
         <run_address>0x8566b</run_address>
         <size>0x2a</size>
         <input_file_ref idref="fl-44"/>
      </object_component>
      <object_component id="oc-676">
         <name>.text:EST_Vdq_resetLpFilters</name>
         <load_address>0x85695</load_address>
         <run_address>0x85695</run_address>
         <size>0x2a</size>
         <input_file_ref idref="fl-4e"/>
      </object_component>
      <object_component id="oc-332">
         <name>.text:HAL_setupTimeBaseTimer</name>
         <load_address>0x856bf</load_address>
         <run_address>0x856bf</run_address>
         <size>0x2a</size>
         <input_file_ref idref="fl-21"/>
      </object_component>
      <object_component id="oc-188">
         <name>.text</name>
         <load_address>0x856e9</load_address>
         <run_address>0x856e9</run_address>
         <size>0x2a</size>
         <input_file_ref idref="fl-6c"/>
      </object_component>
      <object_component id="oc-53d">
         <name>.text:EST_OneOverDcBus_setParams</name>
         <load_address>0x85713</load_address>
         <run_address>0x85713</run_address>
         <size>0x29</size>
         <input_file_ref idref="fl-48"/>
      </object_component>
      <object_component id="oc-646">
         <name>.text:EST_RsOnLine_init</name>
         <load_address>0x8573c</load_address>
         <run_address>0x8573c</run_address>
         <size>0x29</size>
         <input_file_ref idref="fl-4a"/>
      </object_component>
      <object_component id="oc-52d">
         <name>.text:EST_setFluxBeta_lp</name>
         <load_address>0x85765</load_address>
         <run_address>0x85765</run_address>
         <size>0x29</size>
         <input_file_ref idref="fl-3b"/>
      </object_component>
      <object_component id="oc-48d">
         <name>.text</name>
         <load_address>0x8578e</load_address>
         <run_address>0x8578e</run_address>
         <size>0x29</size>
         <input_file_ref idref="fl-77"/>
      </object_component>
      <object_component id="oc-595">
         <name>.text:EST_computeTorque_Nm</name>
         <load_address>0x857b7</load_address>
         <run_address>0x857b7</run_address>
         <size>0x28</size>
         <input_file_ref idref="fl-3b"/>
      </object_component>
      <object_component id="oc-67b">
         <name>.text</name>
         <load_address>0x857df</load_address>
         <run_address>0x857df</run_address>
         <size>0x1</size>
         <input_file_ref idref="fl-7d"/>
      </object_component>
      <object_component id="oc-2f0">
         <name>.text</name>
         <load_address>0x857e0</load_address>
         <run_address>0x857e0</run_address>
         <size>0x27</size>
         <input_file_ref idref="fl-6a"/>
      </object_component>
      <object_component id="oc-527">
         <name>.text:EST_Angle_setParams</name>
         <load_address>0x85807</load_address>
         <run_address>0x85807</run_address>
         <size>0x26</size>
         <input_file_ref idref="fl-3d"/>
      </object_component>
      <object_component id="oc-675">
         <name>.text:EST_Idq_resetLpFilters</name>
         <load_address>0x8582d</load_address>
         <run_address>0x8582d</run_address>
         <size>0x26</size>
         <input_file_ref idref="fl-46"/>
      </object_component>
      <object_component id="oc-273">
         <name>.text:SPI_TX_build2</name>
         <load_address>0x85854</load_address>
         <run_address>0x85854</run_address>
         <size>0x25</size>
         <input_file_ref idref="fl-2"/>
      </object_component>
      <object_component id="oc-4de">
         <name>.text:SCI_setConfig</name>
         <load_address>0x85879</load_address>
         <run_address>0x85879</run_address>
         <size>0x23</size>
         <input_file_ref idref="fl-5a"/>
      </object_component>
      <object_component id="oc-14a">
         <name>.text:GPIO_setQualificationMode</name>
         <load_address>0x8589c</load_address>
         <run_address>0x8589c</run_address>
         <size>0x22</size>
         <input_file_ref idref="fl-57"/>
      </object_component>
      <object_component id="oc-1ca">
         <name>.text:HAL_setParams</name>
         <load_address>0x858be</load_address>
         <run_address>0x858be</run_address>
         <size>0x22</size>
         <input_file_ref idref="fl-21"/>
      </object_component>
      <object_component id="oc-5ea">
         <name>.text:SysCtl_selectXTALSingleEnded</name>
         <load_address>0x858e0</load_address>
         <run_address>0x858e0</run_address>
         <size>0x21</size>
         <input_file_ref idref="fl-5c"/>
      </object_component>
      <object_component id="oc-416">
         <name>.text</name>
         <load_address>0x85901</load_address>
         <run_address>0x85901</run_address>
         <size>0x21</size>
         <input_file_ref idref="fl-6d"/>
      </object_component>
      <object_component id="oc-144">
         <name>.text:GPIO_setDirectionMode</name>
         <load_address>0x85922</load_address>
         <run_address>0x85922</run_address>
         <size>0x20</size>
         <input_file_ref idref="fl-57"/>
      </object_component>
      <object_component id="oc-39c">
         <name>.text:HAL_setTriggerPrams</name>
         <load_address>0x85942</load_address>
         <run_address>0x85942</run_address>
         <size>0x20</size>
         <input_file_ref idref="fl-21"/>
      </object_component>
      <object_component id="oc-3ea">
         <name>.text:SPI_setConfig</name>
         <load_address>0x85962</load_address>
         <run_address>0x85962</run_address>
         <size>0x1f</size>
         <input_file_ref idref="fl-5b"/>
      </object_component>
      <object_component id="oc-585">
         <name>.text:EST_computeLmag_H</name>
         <load_address>0x85981</load_address>
         <run_address>0x85981</run_address>
         <size>0x1e</size>
         <input_file_ref idref="fl-3b"/>
      </object_component>
      <object_component id="oc-3f0">
         <name>.text:SPI_clearInterruptStatus</name>
         <load_address>0x8599f</load_address>
         <run_address>0x8599f</run_address>
         <size>0x1e</size>
         <input_file_ref idref="fl-5b"/>
      </object_component>
      <object_component id="oc-110">
         <name>.text</name>
         <load_address>0x859bd</load_address>
         <run_address>0x859bd</run_address>
         <size>0x1d</size>
         <input_file_ref idref="fl-71"/>
      </object_component>
      <object_component id="oc-66f">
         <name>.text:EST_Dir_resetLpFilters</name>
         <load_address>0x859da</load_address>
         <run_address>0x859da</run_address>
         <size>0x1c</size>
         <input_file_ref idref="fl-3e"/>
      </object_component>
      <object_component id="oc-53e">
         <name>.text:EST_Rr_setParams</name>
         <load_address>0x859f6</load_address>
         <run_address>0x859f6</run_address>
         <size>0x1c</size>
         <input_file_ref idref="fl-49"/>
      </object_component>
      <object_component id="oc-540">
         <name>.text:EST_Rs_setParams</name>
         <load_address>0x85a12</load_address>
         <run_address>0x85a12</run_address>
         <size>0x1c</size>
         <input_file_ref idref="fl-4b"/>
      </object_component>
      <object_component id="oc-647">
         <name>.text:EST_Traj_init</name>
         <load_address>0x85a2e</load_address>
         <run_address>0x85a2e</run_address>
         <size>0x1c</size>
         <input_file_ref idref="fl-4c"/>
      </object_component>
      <object_component id="oc-535">
         <name>.text:EST_setFreqBetaOmega_der</name>
         <load_address>0x85a4a</load_address>
         <run_address>0x85a4a</run_address>
         <size>0x1c</size>
         <input_file_ref idref="fl-3b"/>
      </object_component>
      <object_component id="oc-4e4">
         <name>.text:SCI_clearInterruptStatus</name>
         <load_address>0x85a66</load_address>
         <run_address>0x85a66</run_address>
         <size>0x1c</size>
         <input_file_ref idref="fl-5a"/>
      </object_component>
      <object_component id="oc-182">
         <name>.text</name>
         <load_address>0x85a82</load_address>
         <run_address>0x85a82</run_address>
         <size>0x1c</size>
         <input_file_ref idref="fl-70"/>
      </object_component>
      <object_component id="oc-531">
         <name>.text:EST_setFlux_ab_betaOmega_der</name>
         <load_address>0x85a9e</load_address>
         <run_address>0x85a9e</run_address>
         <size>0x1b</size>
         <input_file_ref idref="fl-3b"/>
      </object_component>
      <object_component id="oc-3b8">
         <name>.text:GPIO_setQualificationPeriod</name>
         <load_address>0x85ab9</load_address>
         <run_address>0x85ab9</run_address>
         <size>0x1b</size>
         <input_file_ref idref="fl-57"/>
      </object_component>
      <object_component id="oc-3fe">
         <name>.text:HAL_setMtrCMPSSDACValue</name>
         <load_address>0x85ad4</load_address>
         <run_address>0x85ad4</run_address>
         <size>0x1b</size>
         <input_file_ref idref="fl-21"/>
      </object_component>
      <object_component id="oc-338">
         <name>.text:HAL_setupCPUUsageTimer</name>
         <load_address>0x85aef</load_address>
         <run_address>0x85aef</run_address>
         <size>0x1b</size>
         <input_file_ref idref="fl-21"/>
      </object_component>
      <object_component id="oc-5fb">
         <name>.text:ADC_setOffsetTrimAll</name>
         <load_address>0x85b0a</load_address>
         <run_address>0x85b0a</run_address>
         <size>0x1a</size>
         <input_file_ref idref="fl-50"/>
      </object_component>
      <object_component id="oc-1d6">
         <name>.text:initMotor1Handles</name>
         <load_address>0x85b24</load_address>
         <run_address>0x85b24</run_address>
         <size>0x1a</size>
         <input_file_ref idref="fl-24"/>
      </object_component>
      <object_component id="oc-4cf">
         <name>.text:ADC_setVREF</name>
         <load_address>0x85b3e</load_address>
         <run_address>0x85b3e</run_address>
         <size>0x19</size>
         <input_file_ref idref="fl-50"/>
      </object_component>
      <object_component id="oc-136">
         <name>.text:CAN_clearInterruptStatus</name>
         <load_address>0x85b57</load_address>
         <run_address>0x85b57</run_address>
         <size>0x19</size>
         <input_file_ref idref="fl-51"/>
      </object_component>
      <object_component id="oc-611">
         <name>.text:CMPSS_configFilterHigh</name>
         <load_address>0x85b70</load_address>
         <run_address>0x85b70</run_address>
         <size>0x19</size>
         <input_file_ref idref="fl-52"/>
      </object_component>
      <object_component id="oc-617">
         <name>.text:CMPSS_configFilterLow</name>
         <load_address>0x85b89</load_address>
         <run_address>0x85b89</run_address>
         <size>0x19</size>
         <input_file_ref idref="fl-52"/>
      </object_component>
      <object_component id="oc-36c">
         <name>.text:MTPA_computeParameters</name>
         <load_address>0x85ba2</load_address>
         <run_address>0x85ba2</run_address>
         <size>0x19</size>
         <input_file_ref idref="fl-5"/>
      </object_component>
      <object_component id="oc-37e">
         <name>.text:setupClarke_I</name>
         <load_address>0x85bbb</load_address>
         <run_address>0x85bbb</run_address>
         <size>0x19</size>
         <input_file_ref idref="fl-25"/>
      </object_component>
      <object_component id="oc-66e">
         <name>.text:EST_Traj_reset</name>
         <load_address>0x85bd4</load_address>
         <run_address>0x85bd4</run_address>
         <size>0x18</size>
         <input_file_ref idref="fl-4c"/>
      </object_component>
      <object_component id="oc-279">
         <name>.text:SPI_OnceTransaction2</name>
         <load_address>0x85bec</load_address>
         <run_address>0x85bec</run_address>
         <size>0x18</size>
         <input_file_ref idref="fl-2"/>
      </object_component>
      <object_component id="oc-285">
         <name>.text:SPI_OnceTransaction</name>
         <load_address>0x85c04</load_address>
         <run_address>0x85c04</run_address>
         <size>0x18</size>
         <input_file_ref idref="fl-2"/>
      </object_component>
      <object_component id="oc-2ae">
         <name>.text</name>
         <load_address>0x85c1c</load_address>
         <run_address>0x85c1c</run_address>
         <size>0x17</size>
         <input_file_ref idref="fl-6b"/>
      </object_component>
      <object_component id="oc-63d">
         <name>.text:EST_Flux_ab_init</name>
         <load_address>0x85c33</load_address>
         <run_address>0x85c33</run_address>
         <size>0x16</size>
         <input_file_ref idref="fl-41"/>
      </object_component>
      <object_component id="oc-63f">
         <name>.text:EST_Freq_init</name>
         <load_address>0x85c49</load_address>
         <run_address>0x85c49</run_address>
         <size>0x16</size>
         <input_file_ref idref="fl-44"/>
      </object_component>
      <object_component id="oc-640">
         <name>.text:EST_Iab_init</name>
         <load_address>0x85c5f</load_address>
         <run_address>0x85c5f</run_address>
         <size>0x16</size>
         <input_file_ref idref="fl-45"/>
      </object_component>
      <object_component id="oc-536">
         <name>.text:EST_Iab_setParams</name>
         <load_address>0x85c75</load_address>
         <run_address>0x85c75</run_address>
         <size>0x16</size>
         <input_file_ref idref="fl-45"/>
      </object_component>
      <object_component id="oc-641">
         <name>.text:EST_Idq_init</name>
         <load_address>0x85c8b</load_address>
         <run_address>0x85c8b</run_address>
         <size>0x16</size>
         <input_file_ref idref="fl-46"/>
      </object_component>
      <object_component id="oc-649">
         <name>.text:EST_Vdq_init</name>
         <load_address>0x85ca1</load_address>
         <run_address>0x85ca1</run_address>
         <size>0x16</size>
         <input_file_ref idref="fl-4e"/>
      </object_component>
      <object_component id="oc-27f">
         <name>.text:SPI_TX_build</name>
         <load_address>0x85cb7</load_address>
         <run_address>0x85cb7</run_address>
         <size>0x16</size>
         <input_file_ref idref="fl-2"/>
      </object_component>
      <object_component id="oc-2c3">
         <name>.text:CAN_initModule</name>
         <load_address>0x85ccd</load_address>
         <run_address>0x85ccd</run_address>
         <size>0x15</size>
         <input_file_ref idref="fl-51"/>
      </object_component>
      <object_component id="oc-534">
         <name>.text:EST_setFreqBeta_lp</name>
         <load_address>0x85ce2</load_address>
         <run_address>0x85ce2</run_address>
         <size>0x15</size>
         <input_file_ref idref="fl-3b"/>
      </object_component>
      <object_component id="oc-537">
         <name>.text:EST_setIab_beta_lp</name>
         <load_address>0x85cf7</load_address>
         <run_address>0x85cf7</run_address>
         <size>0x15</size>
         <input_file_ref idref="fl-3b"/>
      </object_component>
      <object_component id="oc-538">
         <name>.text:EST_setIdq_beta_lp</name>
         <load_address>0x85d0c</load_address>
         <run_address>0x85d0c</run_address>
         <size>0x15</size>
         <input_file_ref idref="fl-3b"/>
      </object_component>
      <object_component id="oc-547">
         <name>.text:EST_setVdq_beta_lp</name>
         <load_address>0x85d21</load_address>
         <run_address>0x85d21</run_address>
         <size>0x15</size>
         <input_file_ref idref="fl-3b"/>
      </object_component>
      <object_component id="oc-fb">
         <name>.text:Interrupt_initVectorTable</name>
         <load_address>0x85d36</load_address>
         <run_address>0x85d36</run_address>
         <size>0x15</size>
         <input_file_ref idref="fl-59"/>
      </object_component>
      <object_component id="oc-378">
         <name>.text:setupClarke_V</name>
         <load_address>0x85d4b</load_address>
         <run_address>0x85d4b</run_address>
         <size>0x14</size>
         <input_file_ref idref="fl-25"/>
      </object_component>
      <object_component id="oc-539">
         <name>.text:EST_Idq_setParams</name>
         <load_address>0x85d5f</load_address>
         <run_address>0x85d5f</run_address>
         <size>0x13</size>
         <input_file_ref idref="fl-46"/>
      </object_component>
      <object_component id="oc-546">
         <name>.text:EST_Vdq_setParams</name>
         <load_address>0x85d72</load_address>
         <run_address>0x85d72</run_address>
         <size>0x12</size>
         <input_file_ref idref="fl-4e"/>
      </object_component>
      <object_component id="oc-3a2">
         <name>.text:EST_initEst</name>
         <load_address>0x85d84</load_address>
         <run_address>0x85d84</run_address>
         <size>0x12</size>
         <input_file_ref idref="fl-3b"/>
      </object_component>
      <object_component id="oc-4eb">
         <name>.text:I2C_clearInterruptStatus</name>
         <load_address>0x85d96</load_address>
         <run_address>0x85d96</run_address>
         <size>0x11</size>
         <input_file_ref idref="fl-58"/>
      </object_component>
      <object_component id="oc-1b8">
         <name>.text:Device_initGPIO</name>
         <load_address>0x85da7</load_address>
         <run_address>0x85da7</run_address>
         <size>0x10</size>
         <input_file_ref idref="fl-26"/>
      </object_component>
      <object_component id="oc-670">
         <name>.text:EST_Dir_resetHpFilters</name>
         <load_address>0x85db7</load_address>
         <run_address>0x85db7</run_address>
         <size>0x10</size>
         <input_file_ref idref="fl-3e"/>
      </object_component>
      <object_component id="oc-673">
         <name>.text:EST_Flux_ab_resetDerFilters</name>
         <load_address>0x85dc7</load_address>
         <run_address>0x85dc7</run_address>
         <size>0x10</size>
         <input_file_ref idref="fl-41"/>
      </object_component>
      <object_component id="oc-427">
         <name>.text:stopMotorControl</name>
         <load_address>0x85dd7</load_address>
         <run_address>0x85dd7</run_address>
         <size>0x10</size>
         <input_file_ref idref="fl-25"/>
      </object_component>
      <object_component id="oc-63c">
         <name>.text:EST_Flux_init</name>
         <load_address>0x85de7</load_address>
         <run_address>0x85de7</run_address>
         <size>0xf</size>
         <input_file_ref idref="fl-43"/>
      </object_component>
      <object_component id="oc-643">
         <name>.text:EST_OneOverDcBus_init</name>
         <load_address>0x85df6</load_address>
         <run_address>0x85df6</run_address>
         <size>0xf</size>
         <input_file_ref idref="fl-48"/>
      </object_component>
      <object_component id="oc-3a7">
         <name>.text:EST_setFreqLFP_sf</name>
         <load_address>0x85e05</load_address>
         <run_address>0x85e05</run_address>
         <size>0xf</size>
         <input_file_ref idref="fl-3a"/>
      </object_component>
      <object_component id="oc-592">
         <name>.text:EST_getFlux_Wb</name>
         <load_address>0x85e14</load_address>
         <run_address>0x85e14</run_address>
         <size>0xe</size>
         <input_file_ref idref="fl-3b"/>
      </object_component>
      <object_component id="oc-16a">
         <name>.text:EST_getFm_lp_Hz</name>
         <load_address>0x85e22</load_address>
         <run_address>0x85e22</run_address>
         <size>0xe</size>
         <input_file_ref idref="fl-3b"/>
      </object_component>
      <object_component id="oc-1d0">
         <name>.text:HAL_enableCtrlInts</name>
         <load_address>0x85e30</load_address>
         <run_address>0x85e30</run_address>
         <size>0xd</size>
         <input_file_ref idref="fl-21"/>
      </object_component>
      <object_component id="oc-17c">
         <name>.text:ReadEncoderSSI</name>
         <load_address>0x85e3d</load_address>
         <run_address>0x85e3d</run_address>
         <size>0xd</size>
         <input_file_ref idref="fl-21"/>
      </object_component>
      <object_component id="oc-3a8">
         <name>.text:EST_setBemf_sf</name>
         <load_address>0x85e4a</load_address>
         <run_address>0x85e4a</run_address>
         <size>0xc</size>
         <input_file_ref idref="fl-3a"/>
      </object_component>
      <object_component id="oc-3a6">
         <name>.text:EST_setOneOverFluxGain_sf</name>
         <load_address>0x85e56</load_address>
         <run_address>0x85e56</run_address>
         <size>0xc</size>
         <input_file_ref idref="fl-3a"/>
      </object_component>
      <object_component id="oc-107">
         <name>.text:Interrupt_defaultHandler</name>
         <load_address>0x85e62</load_address>
         <run_address>0x85e62</run_address>
         <size>0xc</size>
         <input_file_ref idref="fl-59"/>
      </object_component>
      <object_component id="oc-487">
         <name>.text</name>
         <load_address>0x85e6e</load_address>
         <run_address>0x85e6e</run_address>
         <size>0xc</size>
         <input_file_ref idref="fl-79"/>
      </object_component>
      <object_component id="oc-528">
         <name>.text:EST_Dir_setParams</name>
         <load_address>0x85e7a</load_address>
         <run_address>0x85e7a</run_address>
         <size>0xb</size>
         <input_file_ref idref="fl-3e"/>
      </object_component>
      <object_component id="oc-200">
         <name>.text:DAC128S_init</name>
         <load_address>0x85e85</load_address>
         <run_address>0x85e85</run_address>
         <size>0xa</size>
         <input_file_ref idref="fl-8"/>
      </object_component>
      <object_component id="oc-530">
         <name>.text:EST_Flux_ab_setParams</name>
         <load_address>0x85e8f</load_address>
         <run_address>0x85e8f</run_address>
         <size>0xa</size>
         <input_file_ref idref="fl-41"/>
      </object_component>
      <object_component id="oc-101">
         <name>.text:Interrupt_illegalOperationHandler</name>
         <load_address>0x85e99</load_address>
         <run_address>0x85e99</run_address>
         <size>0xa</size>
         <input_file_ref idref="fl-59"/>
      </object_component>
      <object_component id="oc-f5">
         <name>.text:Interrupt_nmiHandler</name>
         <load_address>0x85ea3</load_address>
         <run_address>0x85ea3</run_address>
         <size>0xa</size>
         <input_file_ref idref="fl-59"/>
      </object_component>
      <object_component id="oc-60a">
         <name>.text:EPWM_setEmulationMode</name>
         <load_address>0x85ead</load_address>
         <run_address>0x85ead</run_address>
         <size>0x9</size>
         <input_file_ref idref="fl-55"/>
      </object_component>
      <object_component id="oc-596">
         <name>.text:EST_computePower_W</name>
         <load_address>0x85eb6</load_address>
         <run_address>0x85eb6</run_address>
         <size>0x9</size>
         <input_file_ref idref="fl-3b"/>
      </object_component>
      <object_component id="oc-175">
         <name>.text:EST_setAngle_rad</name>
         <load_address>0x85ebf</load_address>
         <run_address>0x85ebf</run_address>
         <size>0x9</size>
         <input_file_ref idref="fl-3b"/>
      </object_component>
      <object_component id="oc-661">
         <name>.text:INVERSE_setParams</name>
         <load_address>0x85ec8</load_address>
         <run_address>0x85ec8</run_address>
         <size>0x9</size>
         <input_file_ref idref="fl-4f"/>
      </object_component>
      <object_component id="oc-695">
         <name>.text</name>
         <load_address>0x85ed1</load_address>
         <run_address>0x85ed1</run_address>
         <size>0x9</size>
         <input_file_ref idref="fl-78"/>
      </object_component>
      <object_component id="oc-434">
         <name>.text:EST_enableTraj</name>
         <load_address>0x85eda</load_address>
         <run_address>0x85eda</run_address>
         <size>0x8</size>
         <input_file_ref idref="fl-3b"/>
      </object_component>
      <object_component id="oc-590">
         <name>.text:EST_getLs_d_H</name>
         <load_address>0x85ee2</load_address>
         <run_address>0x85ee2</run_address>
         <size>0x8</size>
         <input_file_ref idref="fl-3b"/>
      </object_component>
      <object_component id="oc-591">
         <name>.text:EST_getLs_q_H</name>
         <load_address>0x85eea</load_address>
         <run_address>0x85eea</run_address>
         <size>0x8</size>
         <input_file_ref idref="fl-3b"/>
      </object_component>
      <object_component id="oc-58f">
         <name>.text:EST_getRr_Ohm</name>
         <load_address>0x85ef2</load_address>
         <run_address>0x85ef2</run_address>
         <size>0x8</size>
         <input_file_ref idref="fl-3b"/>
      </object_component>
      <object_component id="oc-593">
         <name>.text:EST_getRsOnLine_Ohm</name>
         <load_address>0x85efa</load_address>
         <run_address>0x85efa</run_address>
         <size>0x8</size>
         <input_file_ref idref="fl-3b"/>
      </object_component>
      <object_component id="oc-58b">
         <name>.text:EST_getRs_Ohm</name>
         <load_address>0x85f02</load_address>
         <run_address>0x85f02</run_address>
         <size>0x8</size>
         <input_file_ref idref="fl-3b"/>
      </object_component>
      <object_component id="oc-43d">
         <name>.text:EST_isError</name>
         <load_address>0x85f0a</load_address>
         <run_address>0x85f0a</run_address>
         <size>0x8</size>
         <input_file_ref idref="fl-3b"/>
      </object_component>
      <object_component id="oc-442">
         <name>.text:EST_isIdle</name>
         <load_address>0x85f12</load_address>
         <run_address>0x85f12</run_address>
         <size>0x8</size>
         <input_file_ref idref="fl-3b"/>
      </object_component>
      <object_component id="oc-441">
         <name>.text:EST_isLockRotor</name>
         <load_address>0x85f1a</load_address>
         <run_address>0x85f1a</run_address>
         <size>0x8</size>
         <input_file_ref idref="fl-3b"/>
      </object_component>
      <object_component id="oc-3a9">
         <name>.text:EST_setFlag_enablePowerWarp</name>
         <load_address>0x85f22</load_address>
         <run_address>0x85f22</run_address>
         <size>0x8</size>
         <input_file_ref idref="fl-3b"/>
      </object_component>
      <object_component id="oc-582">
         <name>.text:EST_setLs_d_H</name>
         <load_address>0x85f2a</load_address>
         <run_address>0x85f2a</run_address>
         <size>0x8</size>
         <input_file_ref idref="fl-3b"/>
      </object_component>
      <object_component id="oc-583">
         <name>.text:EST_setLs_q_H</name>
         <load_address>0x85f32</load_address>
         <run_address>0x85f32</run_address>
         <size>0x8</size>
         <input_file_ref idref="fl-3b"/>
      </object_component>
      <object_component id="oc-581">
         <name>.text:EST_setRr_Ohm</name>
         <load_address>0x85f3a</load_address>
         <run_address>0x85f3a</run_address>
         <size>0x8</size>
         <input_file_ref idref="fl-3b"/>
      </object_component>
      <object_component id="oc-58a">
         <name>.text:EST_setRsOnLineId_A</name>
         <load_address>0x85f42</load_address>
         <run_address>0x85f42</run_address>
         <size>0x8</size>
         <input_file_ref idref="fl-3b"/>
      </object_component>
      <object_component id="oc-589">
         <name>.text:EST_setRsOnLineId_mag_A</name>
         <load_address>0x85f4a</load_address>
         <run_address>0x85f4a</run_address>
         <size>0x8</size>
         <input_file_ref idref="fl-3b"/>
      </object_component>
      <object_component id="oc-58c">
         <name>.text:EST_setRsOnLine_Ohm</name>
         <load_address>0x85f52</load_address>
         <run_address>0x85f52</run_address>
         <size>0x8</size>
         <input_file_ref idref="fl-3b"/>
      </object_component>
      <object_component id="oc-a7">
         <name>.text:decompress:none</name>
         <load_address>0x85f5a</load_address>
         <run_address>0x85f5a</run_address>
         <size>0x8</size>
         <input_file_ref idref="fl-75"/>
      </object_component>
      <object_component id="oc-124">
         <name>.text</name>
         <load_address>0x85f62</load_address>
         <run_address>0x85f62</run_address>
         <size>0x8</size>
         <input_file_ref idref="fl-27"/>
      </object_component>
      <object_component id="oc-52b">
         <name>.text:EST_Eab_setParams</name>
         <load_address>0x85f6a</load_address>
         <run_address>0x85f6a</run_address>
         <size>0x7</size>
         <input_file_ref idref="fl-3f"/>
      </object_component>
      <object_component id="oc-52f">
         <name>.text:EST_Flux_setWaitTimes</name>
         <load_address>0x85f71</load_address>
         <run_address>0x85f71</run_address>
         <size>0x7</size>
         <input_file_ref idref="fl-43"/>
      </object_component>
      <object_component id="oc-671">
         <name>.text:EST_Freq_resetDerFilter</name>
         <load_address>0x85f78</load_address>
         <run_address>0x85f78</run_address>
         <size>0x7</size>
         <input_file_ref idref="fl-44"/>
      </object_component>
      <object_component id="oc-672">
         <name>.text:EST_Freq_resetLpFilter</name>
         <load_address>0x85f7f</load_address>
         <run_address>0x85f7f</run_address>
         <size>0x7</size>
         <input_file_ref idref="fl-44"/>
      </object_component>
      <object_component id="oc-53b">
         <name>.text:EST_Ls_setWaitTimes</name>
         <load_address>0x85f86</load_address>
         <run_address>0x85f86</run_address>
         <size>0x7</size>
         <input_file_ref idref="fl-47"/>
      </object_component>
      <object_component id="oc-53f">
         <name>.text:EST_Rr_setWaitTimes</name>
         <load_address>0x85f8d</load_address>
         <run_address>0x85f8d</run_address>
         <size>0x7</size>
         <input_file_ref idref="fl-49"/>
      </object_component>
      <object_component id="oc-541">
         <name>.text:EST_Rs_setWaitTimes</name>
         <load_address>0x85f94</load_address>
         <run_address>0x85f94</run_address>
         <size>0x7</size>
         <input_file_ref idref="fl-4b"/>
      </object_component>
      <object_component id="oc-43f">
         <name>.text:EST_configureTraj</name>
         <load_address>0x85f9b</load_address>
         <run_address>0x85f9b</run_address>
         <size>0x7</size>
         <input_file_ref idref="fl-3b"/>
      </object_component>
      <object_component id="oc-444">
         <name>.text:EST_disableTraj</name>
         <load_address>0x85fa2</load_address>
         <run_address>0x85fa2</run_address>
         <size>0x7</size>
         <input_file_ref idref="fl-3b"/>
      </object_component>
      <object_component id="oc-53c">
         <name>.text:EST_setMotorParams</name>
         <load_address>0x85fa9</load_address>
         <run_address>0x85fa9</run_address>
         <size>0x7</size>
         <input_file_ref idref="fl-3b"/>
      </object_component>
      <object_component id="oc-548">
         <name>.text:EST_setWaitTimes</name>
         <load_address>0x85fb0</load_address>
         <run_address>0x85fb0</run_address>
         <size>0x7</size>
         <input_file_ref idref="fl-3b"/>
      </object_component>
      <object_component id="oc-43c">
[...]
         <value>0x85c33</value>
         <object_component_ref idref="oc-63d"/>
      </symbol>
      <symbol id="sm-7fc">
         <name>EST_Flux_dq_setParams</name>
         <value>0x86007</value>
         <object_component_ref idref="oc-532"/>
      </symbol>
      <symbol id="sm-7fd">
         <name>EST_Flux_dq_init</name>
         <value>0x8603a</value>
         <object_component_ref idref="oc-63e"/>
      </symbol>
      <symbol id="sm-80c">
         <name>EST_Flux_updateState</name>
         <value>0x851bc</value>
         <object_component_ref idref="oc-584"/>
      </symbol>
      <symbol id="sm-80d">
         <name>EST_Flux_setParams</name>
         <value>0x8492c</value>
         <object_component_ref idref="oc-52e"/>
      </symbol>
      <symbol id="sm-80e">
         <name>EST_Flux_init</name>
         <value>0x85de7</value>
         <object_component_ref idref="oc-63c"/>
      </symbol>
      <symbol id="sm-80f">
         <name>EST_Flux_setWaitTimes</name>
         <value>0x85f71</value>
         <object_component_ref idref="oc-52f"/>
      </symbol>
      <symbol id="sm-819">
         <name>EST_Freq_resetLpFilter</name>
         <value>0x85f7f</value>
         <object_component_ref idref="oc-672"/>
      </symbol>
      <symbol id="sm-81a">
         <name>EST_Freq_setDerFilterParams</name>
         <value>0x85641</value>
         <object_component_ref idref="oc-65e"/>
      </symbol>
      <symbol id="sm-81b">
         <name>EST_Freq_setParams</name>
         <value>0x84bc5</value>
         <object_component_ref idref="oc-533"/>
      </symbol>
      <symbol id="sm-81c">
         <name>EST_Freq_setLpFilterParams</name>
         <value>0x8566b</value>
         <object_component_ref idref="oc-65d"/>
      </symbol>
      <symbol id="sm-81d">
         <name>EST_Freq_init</name>
         <value>0x85c49</value>
         <object_component_ref idref="oc-63f"/>
      </symbol>
      <symbol id="sm-81e">
         <name>EST_Freq_resetDerFilter</name>
         <value>0x85f78</value>
         <object_component_ref idref="oc-671"/>
      </symbol>
      <symbol id="sm-828">
         <name>EST_Iab_resetLpFilters</name>
         <value>0x85563</value>
         <object_component_ref idref="oc-674"/>
      </symbol>
      <symbol id="sm-829">
         <name>EST_Iab_setLpFilterParams</name>
         <value>0x84d40</value>
         <object_component_ref idref="oc-65f"/>
      </symbol>
      <symbol id="sm-82a">
         <name>EST_Iab_setParams</name>
         <value>0x85c75</value>
         <object_component_ref idref="oc-536"/>
      </symbol>
      <symbol id="sm-82b">
         <name>EST_Iab_init</name>
         <value>0x85c5f</value>
         <object_component_ref idref="oc-640"/>
      </symbol>
      <symbol id="sm-835">
         <name>EST_Idq_init</name>
         <value>0x85c8b</value>
         <object_component_ref idref="oc-641"/>
      </symbol>
      <symbol id="sm-836">
         <name>EST_Idq_resetLpFilters</name>
         <value>0x8582d</value>
         <object_component_ref idref="oc-675"/>
      </symbol>
      <symbol id="sm-837">
         <name>EST_Idq_setParams</name>
         <value>0x85d5f</value>
         <object_component_ref idref="oc-539"/>
      </symbol>
      <symbol id="sm-838">
         <name>EST_Idq_setLpFilterParams</name>
         <value>0x84d8a</value>
         <object_component_ref idref="oc-660"/>
      </symbol>
      <symbol id="sm-846">
         <name>EST_Ls_updateState</name>
         <value>0x85341</value>
         <object_component_ref idref="oc-57f"/>
      </symbol>
      <symbol id="sm-847">
         <name>EST_Ls_setParams</name>
         <value>0x85087</value>
         <object_component_ref idref="oc-53a"/>
      </symbol>
      <symbol id="sm-848">
         <name>EST_Ls_init</name>
         <value>0x8603e</value>
         <object_component_ref idref="oc-642"/>
      </symbol>
      <symbol id="sm-849">
         <name>EST_Ls_setWaitTimes</name>
         <value>0x85f86</value>
         <object_component_ref idref="oc-53b"/>
      </symbol>
      <symbol id="sm-84f">
         <name>EST_OneOverDcBus_setParams</name>
         <value>0x85713</value>
         <object_component_ref idref="oc-53d"/>
      </symbol>
      <symbol id="sm-850">
         <name>EST_OneOverDcBus_init</name>
         <value>0x85df6</value>
         <object_component_ref idref="oc-643"/>
      </symbol>
      <symbol id="sm-85e">
         <name>EST_Rr_updateState</name>
         <value>0x853a9</value>
         <object_component_ref idref="oc-57e"/>
      </symbol>
      <symbol id="sm-85f">
         <name>EST_Rr_setWaitTimes</name>
         <value>0x85f8d</value>
         <object_component_ref idref="oc-53f"/>
      </symbol>
      <symbol id="sm-860">
         <name>EST_Rr_init</name>
         <value>0x86042</value>
         <object_component_ref idref="oc-644"/>
      </symbol>
      <symbol id="sm-861">
         <name>EST_Rr_setParams</name>
         <value>0x859f6</value>
         <object_component_ref idref="oc-53e"/>
      </symbol>
      <symbol id="sm-86a">
         <name>EST_RsOnLine_init</name>
         <value>0x8573c</value>
         <object_component_ref idref="oc-646"/>
      </symbol>
      <symbol id="sm-86b">
         <name>EST_RsOnLine_setLpFilterParams</name>
         <value>0x85143</value>
         <object_component_ref idref="oc-543"/>
      </symbol>
      <symbol id="sm-86c">
         <name>EST_RsOnLine_setParams</name>
         <value>0x84ef8</value>
         <object_component_ref idref="oc-542"/>
      </symbol>
      <symbol id="sm-87a">
         <name>EST_Rs_init</name>
         <value>0x86046</value>
         <object_component_ref idref="oc-645"/>
      </symbol>
      <symbol id="sm-87b">
         <name>EST_Rs_updateState</name>
         <value>0x853dc</value>
         <object_component_ref idref="oc-586"/>
      </symbol>
      <symbol id="sm-87c">
         <name>EST_Rs_setWaitTimes</name>
         <value>0x85f94</value>
         <object_component_ref idref="oc-541"/>
      </symbol>
      <symbol id="sm-87d">
         <name>EST_Rs_setParams</name>
         <value>0x85a12</value>
         <object_component_ref idref="oc-540"/>
      </symbol>
      <symbol id="sm-8a8">
         <name>EST_Traj_isError</name>
         <value>0x85fd8</value>
         <object_component_ref idref="oc-579"/>
      </symbol>
      <symbol id="sm-8a9">
         <name>EST_Traj_init</name>
         <value>0x85a2e</value>
         <object_component_ref idref="oc-647"/>
      </symbol>
      <symbol id="sm-8aa">
         <name>EST_Traj_reset</name>
         <value>0x85bd4</value>
         <object_component_ref idref="oc-66e"/>
      </symbol>
      <symbol id="sm-8ab">
         <name>EST_Traj_configure</name>
         <value>0x8389c</value>
         <object_component_ref idref="oc-588"/>
      </symbol>
      <symbol id="sm-8ac">
         <name>EST_Traj_updateState</name>
         <value>0x84988</value>
         <object_component_ref idref="oc-57a"/>
      </symbol>
      <symbol id="sm-8ad">
         <name>EST_Traj_run</name>
         <value>0x9354</value>
         <object_component_ref idref="oc-2ea"/>
      </symbol>
      <symbol id="sm-8ae">
         <name>EST_Traj_setParams</name>
         <value>0x8409c</value>
         <object_component_ref idref="oc-544"/>
      </symbol>
      <symbol id="sm-8b4">
         <name>EST_Vab_init</name>
         <value>0x8604a</value>
         <object_component_ref idref="oc-648"/>
      </symbol>
      <symbol id="sm-8b5">
         <name>EST_Vab_setParams</name>
         <value>0x8600c</value>
         <object_component_ref idref="oc-545"/>
      </symbol>
      <symbol id="sm-8bf">
         <name>EST_Vdq_setLpFilterParams</name>
         <value>0x84dd4</value>
         <object_component_ref idref="oc-662"/>
      </symbol>
      <symbol id="sm-8c0">
         <name>EST_Vdq_init</name>
         <value>0x85ca1</value>
         <object_component_ref idref="oc-649"/>
      </symbol>
      <symbol id="sm-8c1">
         <name>EST_Vdq_resetLpFilters</name>
         <value>0x85695</value>
         <object_component_ref idref="oc-676"/>
      </symbol>
      <symbol id="sm-8c2">
         <name>EST_Vdq_setParams</name>
         <value>0x85d72</value>
         <object_component_ref idref="oc-546"/>
      </symbol>
      <symbol id="sm-8c7">
         <name>INVERSE_setParams</name>
         <value>0x85ec8</value>
         <object_component_ref idref="oc-661"/>
      </symbol>
      <symbol id="sm-8c8">
         <name>INVERSE_init</name>
         <value>0x8608e</value>
         <object_component_ref idref="oc-6c0"/>
      </symbol>
      <symbol id="sm-8e2">
         <name>ADC_setOffsetTrimAll</name>
         <value>0x85b0a</value>
         <object_component_ref idref="oc-5fb"/>
      </symbol>
      <symbol id="sm-8e3">
         <name>ADC_setVREF</name>
         <value>0x85b3e</value>
         <object_component_ref idref="oc-4cf"/>
      </symbol>
      <symbol id="sm-936">
         <name>CAN_sendMessage</name>
         <value>0x851f6</value>
         <object_component_ref idref="oc-41b"/>
      </symbol>
      <symbol id="sm-937">
         <name>CAN_setBitTiming</name>
         <value>0x854d4</value>
         <object_component_ref idref="oc-49e"/>
      </symbol>
      <symbol id="sm-938">
         <name>CAN_clearInterruptStatus</name>
         <value>0x85b57</value>
         <object_component_ref idref="oc-136"/>
      </symbol>
      <symbol id="sm-939">
         <name>CAN_setupMessageObject</name>
         <value>0x84147</value>
         <object_component_ref idref="oc-2cf"/>
      </symbol>
      <symbol id="sm-93a">
         <name>CAN_initModule</name>
         <value>0x85ccd</value>
         <object_component_ref idref="oc-2c3"/>
      </symbol>
      <symbol id="sm-93b">
         <name>CAN_readMessage</name>
         <value>0x85268</value>
         <object_component_ref idref="oc-130"/>
      </symbol>
      <symbol id="sm-93c">
         <name>CAN_setBitRate</name>
         <value>0x854a4</value>
         <object_component_ref idref="oc-2c9"/>
      </symbol>
      <symbol id="sm-950">
         <name>CMPSS_configFilterHigh</name>
         <value>0x85b70</value>
         <object_component_ref idref="oc-611"/>
      </symbol>
      <symbol id="sm-951">
         <name>CMPSS_configFilterLow</name>
         <value>0x85b89</value>
         <object_component_ref idref="oc-617"/>
      </symbol>
      <symbol id="sm-95e">
         <name>CPUTimer_setEmulationMode</name>
         <value>0x85fcc</value>
         <object_component_ref idref="oc-4d6"/>
      </symbol>
      <symbol id="sm-96c">
         <name>EPWM_setEmulationMode</name>
         <value>0x85ead</value>
         <object_component_ref idref="oc-60a"/>
      </symbol>
      <symbol id="sm-979">
         <name>Flash_initModule</name>
         <value>0x93b1</value>
         <object_component_ref idref="oc-30f"/>
      </symbol>
      <symbol id="sm-9b5">
         <name>GPIO_setQualificationMode</name>
         <value>0x8589c</value>
         <object_component_ref idref="oc-14a"/>
      </symbol>
      <symbol id="sm-9b6">
         <name>GPIO_setPadConfig</name>
         <value>0x850c6</value>
         <object_component_ref idref="oc-3b2"/>
      </symbol>
      <symbol id="sm-9b7">
         <name>GPIO_setAnalogMode</name>
         <value>0x84f3d</value>
         <object_component_ref idref="oc-321"/>
      </symbol>
      <symbol id="sm-9b8">
         <name>GPIO_setDirectionMode</name>
         <value>0x85922</value>
         <object_component_ref idref="oc-144"/>
      </symbol>
      <symbol id="sm-9b9">
         <name>GPIO_setQualificationPeriod</name>
         <value>0x85ab9</value>
         <object_component_ref idref="oc-3b8"/>
      </symbol>
      <symbol id="sm-9ba">
         <name>GPIO_setPinConfig</name>
         <value>0x85504</value>
         <object_component_ref idref="oc-13e"/>
      </symbol>
      <symbol id="sm-9d5">
         <name>I2C_clearInterruptStatus</name>
         <value>0x85d96</value>
         <object_component_ref idref="oc-4eb"/>
      </symbol>
      <symbol id="sm-9d6">
         <name>I2C_initController</name>
         <value>0x85180</value>
         <object_component_ref idref="oc-407"/>
      </symbol>
      <symbol id="sm-a0d">
         <name>Interrupt_defaultHandler</name>
         <value>0x85e62</value>
         <object_component_ref idref="oc-107"/>
      </symbol>
      <symbol id="sm-a0e">
         <name>Interrupt_initModule</name>
         <value>0x84fc7</value>
         <object_component_ref idref="oc-1be"/>
      </symbol>
      <symbol id="sm-a0f">
         <name>Interrupt_nmiHandler</name>
         <value>0x85ea3</value>
         <object_component_ref idref="oc-f5"/>
      </symbol>
      <symbol id="sm-a10">
         <name>Interrupt_enable</name>
         <value>0x852d6</value>
         <object_component_ref idref="oc-2d5"/>
      </symbol>
      <symbol id="sm-a11">
         <name>Interrupt_initVectorTable</name>
         <value>0x85d36</value>
         <object_component_ref idref="oc-fb"/>
      </symbol>
      <symbol id="sm-a12">
         <name>Interrupt_illegalOperationHandler</name>
         <value>0x85e99</value>
         <object_component_ref idref="oc-101"/>
      </symbol>
      <symbol id="sm-a2a">
         <name>SCI_clearInterruptStatus</name>
         <value>0x85a66</value>
         <object_component_ref idref="oc-4e4"/>
      </symbol>
      <symbol id="sm-a2b">
         <name>SCI_setConfig</name>
         <value>0x85879</value>
         <object_component_ref idref="oc-4de"/>
      </symbol>
      <symbol id="sm-a5c">
         <name>SPI_pollingFIFOTransaction</name>
         <value>0x84285</value>
         <object_component_ref idref="oc-45d"/>
      </symbol>
      <symbol id="sm-a5d">
         <name>SPI_setConfig</name>
         <value>0x85962</value>
         <object_component_ref idref="oc-3ea"/>
      </symbol>
      <symbol id="sm-a5e">
         <name>SPI_clearInterruptStatus</name>
         <value>0x8599f</value>
         <object_component_ref idref="oc-3f0"/>
      </symbol>
      <symbol id="sm-abd">
         <name>SysCtl_isPLLValid</name>
         <value>0x83b98</value>
         <object_component_ref idref="oc-4c2"/>
      </symbol>
      <symbol id="sm-abe">
         <name>SysCtl_delay</name>
         <value>0x944d</value>
         <object_component_ref idref="oc-206"/>
      </symbol>
      <symbol id="sm-abf">
         <name>SysCtl_selectXTALSingleEnded</name>
         <value>0x858e0</value>
         <object_component_ref idref="oc-5ea"/>
      </symbol>
      <symbol id="sm-ac0">
         <name>SysCtl_selectXTAL</name>
         <value>0x84f82</value>
         <object_component_ref idref="oc-5f0"/>
      </symbol>
      <symbol id="sm-ac1">
         <name>SysCtl_selectOscSource</name>
         <value>0x85473</value>
         <object_component_ref idref="oc-4bc"/>
      </symbol>
      <symbol id="sm-ac2">
         <name>SysCtl_setClock</name>
         <value>0x83667</value>
         <object_component_ref idref="oc-315"/>
      </symbol>
      <symbol id="sm-acf">
         <name>XBAR_setEPWMMuxConfig</name>
         <value>0x855eb</value>
         <object_component_ref idref="oc-61e"/>
      </symbol>
      <symbol id="sm-ae4">
         <name>acosf</name>
         <value>0x839ab</value>
         <object_component_ref idref="oc-176"/>
      </symbol>
      <symbol id="sm-af5">
         <name>sqrtf</name>
         <value>0x857e0</value>
         <object_component_ref idref="oc-2f0"/>
      </symbol>
      <symbol id="sm-aff">
         <name>_c_int00</name>
         <value>0x85c1c</value>
         <object_component_ref idref="oc-2ae"/>
      </symbol>
      <symbol id="sm-b00">
         <name>__stack</name>
         <value>0x128</value>
         <object_component_ref idref="oc-10d"/>
      </symbol>
      <symbol id="sm-b0c">
         <name>__c28xabi_cmpd</name>
         <value>0x856e9</value>
         <object_component_ref idref="oc-188"/>
      </symbol>
      <symbol id="sm-b17">
         <name>__c28xabi_dtoi</name>
         <value>0x85901</value>
         <object_component_ref idref="oc-416"/>
      </symbol>
      <symbol id="sm-b24">
         <name>__c28xabi_divf</name>
         <value>0x843a9</value>
         <object_component_ref idref="oc-2eb"/>
      </symbol>
      <symbol id="sm-b31">
         <name>__c28xabi_ftod</name>
         <value>0x85a82</value>
         <object_component_ref idref="oc-182"/>
      </symbol>
      <symbol id="sm-b43">
         <name>memcpy</name>
         <value>0x859bd</value>
         <object_component_ref idref="oc-110"/>
      </symbol>
      <symbol id="sm-b50">
         <name>_system_pre_init</name>
         <value>0x860c8</value>
         <object_component_ref idref="oc-480"/>
      </symbol>
      <symbol id="sm-b5f">
         <name>__TI_auto_init_nobinit_nopinit</name>
         <value>0x85616</value>
         <object_component_ref idref="oc-5a6"/>
      </symbol>
      <symbol id="sm-b6c">
         <name>__TI_zero_init</name>
         <value>0x85ffc</value>
         <object_component_ref idref="oc-11e"/>
      </symbol>
      <symbol id="sm-b79">
         <name>__TI_decompress_none</name>
         <value>0x85f5a</value>
         <object_component_ref idref="oc-a7"/>
      </symbol>
      <symbol id="sm-b8d">
         <name>__TI_decompress_lzss</name>
         <value>0x85591</value>
         <object_component_ref idref="oc-a1"/>
      </symbol>
      <symbol id="sm-ba3">
         <name>C$$EXIT</name>
         <value>0x8578e</value>
         <object_component_ref idref="oc-48d"/>
      </symbol>
      <symbol id="sm-ba4">
         <name>abort</name>
         <value>0x8578e</value>
         <object_component_ref idref="oc-48d"/>
      </symbol>
      <symbol id="sm-ba5">
         <name>exit</name>
         <value>0x85790</value>
         <object_component_ref idref="oc-48d"/>
      </symbol>
      <symbol id="sm-ba6">
         <name>__TI_dtors_ptr</name>
         <value>0x548</value>
         <object_component_ref idref="oc-5d8"/>
      </symbol>
      <symbol id="sm-ba7">
         <name>__TI_cleanup_ptr</name>
         <value>0x546</value>
         <object_component_ref idref="oc-5d8"/>
      </symbol>
      <symbol id="sm-ba8">
         <name>__TI_enable_exit_profile_output</name>
         <value>0x544</value>
         <object_component_ref idref="oc-5d8"/>
      </symbol>
      <symbol id="sm-bbf">
         <name>_nop</name>
         <value>0x85ed9</value>
         <object_component_ref idref="oc-695"/>
      </symbol>
      <symbol id="sm-bc0">
         <name>_lock</name>
         <value>0x4be</value>
         <object_component_ref idref="oc-5db"/>
      </symbol>
      <symbol id="sm-bc1">
         <name>_unlock</name>
         <value>0x552</value>
         <object_component_ref idref="oc-6cf"/>
      </symbol>
      <symbol id="sm-bc2">
         <name>_register_lock</name>
         <value>0x85ed5</value>
         <object_component_ref idref="oc-695"/>
      </symbol>
      <symbol id="sm-bc3">
         <name>_register_unlock</name>
         <value>0x85ed1</value>
         <object_component_ref idref="oc-695"/>
      </symbol>
      <symbol id="sm-bd2">
         <name>_args_main</name>
         <value>0x85e6e</value>
         <object_component_ref idref="oc-487"/>
      </symbol>
      <symbol id="sm-be1">
         <name>memset</name>
         <value>0x85fc5</value>
         <object_component_ref idref="oc-2a7"/>
      </symbol>
      <symbol id="sm-bec">
         <name>errno</name>
         <value>0x556</value>
         <object_component_ref idref="oc-2f6"/>
      </symbol>
      <symbol id="sm-bfa">
         <name>_system_post_cinit</name>
         <value>0x857df</value>
         <object_component_ref idref="oc-67b"/>
      </symbol>
      <symbol id="sm-bfc">
         <name>__c_args__</name>
         <value>0x0</value>
      </symbol>
   </symbol_table>
   <title>Link successful</title>
</link_info>
