******************************************************************************
             TMS320C2000 Linker PC v22.6.3                     
******************************************************************************
>> Linked Wed May 20 10:44:08 2026

OUTPUT FILE NAME:   <KIM_TEST.out>
ENTRY POINT SYMBOL: "code_start"  address: 00080000


MEMORY CONFIGURATION

         name            origin    length      used     unused   attr    fill
----------------------  --------  ---------  --------  --------  ----  --------
  RAMM0S                00000128   000002d8  00000100  000001d8  RWIX
  RAMM1D                00000400   000003f8  00000181  00000277  RWIX
  ADCARESULT            00000b00   00000018  00000000  00000018  RWIX
  ADCBRESULT            00000b20   00000018  00000000  00000018  RWIX
  ADCCRESULT            00000b40   00000018  00000000  00000018  RWIX
  CPUTIMER0             00000c00   00000008  00000000  00000008  RWIX
  CPUTIMER1             00000c08   00000008  00000000  00000008  RWIX
  CPUTIMER2             00000c10   00000008  00000000  00000008  RWIX
  PIECTRL               00000ce0   0000001a  00000000  0000001a  RWIX
  PIEVECTTABLE          00000d00   00000200  00000000  00000200  RWIX
  DMA                   00001000   00000200  00000000  00000200  RWIX
  CLA1                  00001400   00000080  00000000  00000080  RWIX
  CLATOCPU_MSGRAM       00001480   00000080  00000000  00000080  RWIX
  CPUTOCLA_MSGRAM       00001500   00000080  00000000  00000080  RWIX
  CLATODMA_MSGRAM       00001680   00000080  00000000  00000080  RWIX
  DMATOCLA_MSGRAM       00001700   00000080  00000000  00000080  RWIX
  CLB1LOGICCFG          00003000   00000052  00000000  00000052  RWIX
  CLB1LOGICCTRL         00003100   00000040  00000000  00000040  RWIX
  CLB1DATAEXCH          00003180   00000080  00000000  00000080  RWIX
  CLB2LOGICCFG          00003400   00000052  00000000  00000052  RWIX
  CLB2LOGICCTRL         00003500   00000040  00000000  00000040  RWIX
  CLB2DATAEXCH          00003580   00000080  00000000  00000080  RWIX
  CLB3LOGICCFG          00003800   00000052  00000000  00000052  RWIX
  CLB3LOGICCTRL         00003900   00000040  00000000  00000040  RWIX
  CLB3DATAEXCH          00003980   00000080  00000000  00000080  RWIX
  CLB4LOGICCFG          00003c00   00000052  00000000  00000052  RWIX
  CLB4LOGICCTRL         00003d00   00000040  00000000  00000040  RWIX
  CLB4DATAEXCH          00003d80   00000080  00000000  00000080  RWIX
  EPWM1                 00004000   00000100  00000000  00000100  RWIX
  EPWM2                 00004100   00000100  00000000  00000100  RWIX
  EPWM3                 00004200   00000100  00000000  00000100  RWIX
  EPWM4                 00004300   00000100  00000000  00000100  RWIX
  EPWM5                 00004400   00000100  00000000  00000100  RWIX
  EPWM6                 00004500   00000100  00000000  00000100  RWIX
  EPWM7                 00004600   00000100  00000000  00000100  RWIX
  EPWM8                 00004700   00000100  00000000  00000100  RWIX
  EQEP1                 00005100   00000040  00000000  00000040  RWIX
  EQEP2                 00005140   00000040  00000000  00000040  RWIX
  ECAP1                 00005200   00000020  00000000  00000020  RWIX
  ECAP2                 00005240   00000020  00000000  00000020  RWIX
  ECAP3                 00005280   00000020  00000000  00000020  RWIX
  HRCAP3                000052a0   00000020  00000000  00000020  RWIX
  DACA                  00005c00   00000008  00000000  00000008  RWIX
  DACB                  00005c10   00000008  00000000  00000008  RWIX
  CMPSS1                00005c80   00000020  00000000  00000020  RWIX
  CMPSS2                00005ca0   00000020  00000000  00000020  RWIX
  CMPSS3                00005cc0   00000020  00000000  00000020  RWIX
  CMPSS4                00005ce0   00000020  00000000  00000020  RWIX
  SDFM1                 00005e00   00000080  00000000  00000080  RWIX
  SDFM2                 00005e80   00000080  00000000  00000080  RWIX
  SPIA                  00006100   00000010  00000000  00000010  RWIX
  SPIB                  00006110   00000010  00000000  00000010  RWIX
  BGCRCCPU              00006340   00000040  00000000  00000040  RWIX
  BGCRCCLA1             00006380   00000040  00000000  00000040  RWIX
  PMBUSA                00006400   00000020  00000000  00000020  RWIX
  HIC                   00006500   00000080  00000000  00000080  RWIX
  FSITXA                00006600   00000050  00000000  00000050  RWIX
  FSIRXA                00006680   00000050  00000000  00000050  RWIX
  LINA                  00006a00   000000ec  00000000  000000ec  RWIX
  LINB                  00006b00   000000ec  00000000  000000ec  RWIX
  WD                    00007000   0000002b  00000000  0000002b  RWIX
  NMIINTRUPT            00007060   00000010  00000000  00000010  RWIX
  XINT                  00007070   0000000b  00000000  0000000b  RWIX
  SCIA                  00007200   00000010  00000000  00000010  RWIX
  SCIB                  00007210   00000010  00000000  00000010  RWIX
  I2CA                  00007300   00000022  00000000  00000022  RWIX
  I2CB                  00007340   00000022  00000000  00000022  RWIX
  ADCA                  00007400   00000080  00000000  00000080  RWIX
  ADCB                  00007480   00000080  00000000  00000080  RWIX
  ADCC                  00007500   00000080  00000000  00000080  RWIX
  INPUTXBAR             00007900   00000020  00000000  00000020  RWIX
  XBAR                  00007920   00000020  00000000  00000020  RWIX
  SYNCSOC               00007940   00000006  00000000  00000006  RWIX
  CLBINPUTXBAR          00007960   00000020  00000000  00000020  RWIX
  DMACLASRCSEL          00007980   0000001a  00000000  0000001a  RWIX
  EPWMXBAR              00007a00   00000040  00000000  00000040  RWIX
  CLBXBAR               00007a40   00000040  00000000  00000040  RWIX
  OUTPUTXBAR            00007a80   00000040  00000000  00000040  RWIX
  CLBOUTPUTXBAR         00007bc0   00000040  00000000  00000040  RWIX
  GPIOCTRL              00007c00   00000200  00000000  00000200  RWIX
  GPIODATA              00007f00   00000040  00000000  00000040  RWIX
  GPIODATAREAD          00007f80   00000010  00000000  00000010  RWIX
  LFU                   00007fe0   00000020  00000000  00000020  RWIX
  RAMLSnP               00008000   00004000  00001453  00002bad  RWIX
  RAMGSnP               0000c000   00001000  00000000  00001000  RWIX
  RAMGSC                0000d000   00001000  0000052a  00000ad6  RWIX
  RAMGSF                0000e000   00001000  000005a8  00000a58  RWIX
  RAMGSD                0000f000   00000ff8  00000000  00000ff8  RWIX
  CANA                  00048000   00000200  00000000  00000200  RWIX
  DEVCFG                0005d000   000001b0  00000000  000001b0  RWIX
  CLKCFG                0005d200   00000100  00000000  00000100  RWIX
  CPUSYS                0005d300   000000a0  00000000  000000a0  RWIX
  SYSSTATUS             0005d400   00000040  00000000  00000040  RWIX
  PERIPHAC              0005d500   00000200  00000000  00000200  RWIX
  ANALOGSUBSYS          0005d700   00000122  00000000  00000122  RWIX
  DCC0                  0005e700   00000038  00000000  00000038  RWIX
  DCC1                  0005e740   00000038  00000000  00000038  RWIX
  ERADGLOBAL            0005e800   00000014  00000000  00000014  RWIX
  ERADHWBP1             0005e900   00000008  00000000  00000008  RWIX
  ERADHWBP2             0005e908   00000008  00000000  00000008  RWIX
  ERADHWBP3             0005e910   00000008  00000000  00000008  RWIX
  ERADHWBP4             0005e918   00000008  00000000  00000008  RWIX
  ERADHWBP5             0005e920   00000008  00000000  00000008  RWIX
  ERADHWBP6             0005e928   00000008  00000000  00000008  RWIX
  ERADHWBP7             0005e930   00000008  00000000  00000008  RWIX
  ERADHWBP8             0005e938   00000008  00000000  00000008  RWIX
  ERADCOUNTER1          0005e980   00000010  00000000  00000010  RWIX
  ERADCOUNTER2          0005e990   00000010  00000000  00000010  RWIX
  ERADCOUNTER3          0005e9a0   00000010  00000000  00000010  RWIX
  ERADCOUNTER4          0005e9b0   00000010  00000000  00000010  RWIX
  ERADCRCGLOBAL         0005ea00   00000010  00000000  00000010  RWIX
  ERADCRC1              0005ea10   00000010  00000000  00000010  RWIX
  ERADCRC2              0005ea20   00000010  00000000  00000010  RWIX
  ERADCRC3              0005ea30   00000010  00000000  00000010  RWIX
  ERADCRC4              0005ea40   00000010  00000000  00000010  RWIX
  ERADCRC5              0005ea50   00000010  00000000  00000010  RWIX
  ERADCRC6              0005ea60   00000010  00000000  00000010  RWIX
  ERADCRC7              0005ea70   00000010  00000000  00000010  RWIX
  ERADCRC8              0005ea80   00000010  00000000  00000010  RWIX
  EPG1                  0005ec00   00000050  00000000  00000050  RWIX
  EPG1MUX               0005ecd0   00000010  00000000  00000010  RWIX
  DCSMZ1                0005f000   0000003e  00000000  0000003e  RWIX
  DCSMZ2                0005f080   0000003e  00000000  0000003e  RWIX
  DCSMCOMMON            0005f0c0   00000020  00000000  00000020  RWIX
  MEMCFG                0005f400   000000c0  00000000  000000c0  RWIX
  ACCESSPROTECTION      0005f500   00000040  00000000  00000040  RWIX
  MEMORYERROR           0005f540   00000040  00000000  00000040  RWIX
  TESTERROR             0005f590   00000010  00000000  00000010  RWIX
  FLASH0CTRL            0005f800   00000182  00000000  00000182  RWIX
  FLASH0ECC             0005fb00   00000028  00000000  00000028  RWIX
  DCSMZ1OTP             00078000   00000020  00000000  00000020  RWIX
  DCSMZ2OTP             00078200   00000020  00000000  00000020  RWIX
  FLASHBANK0_BOOT       00080000   00001000  00000002  00000ffe  RWIX
  FLASHBANK0_CODE       00081000   0000e000  000065f3  00007a0d  RWIX
  FLASHBANK0_DATA       0008f000   00001000  00000000  00001000  RWIX
  FLASH_BANK1_SEC0      00090000   00001000  00000000  00001000  RWIX
  FLASH_BANK1_SEC1      00091000   00001000  00000000  00001000  RWIX
  FLASH_BANK1_SEC2      00092000   00001000  00000000  00001000  RWIX
  FLASH_BANK1_SEC3      00093000   00001000  00000000  00001000  RWIX
  FLASH_BANK1_SEC4      00094000   00001000  00000000  00001000  RWIX
  FLASH_BANK1_SEC5      00095000   00001000  00000000  00001000  RWIX
  FLASH_BANK1_SEC6      00096000   00001000  00000000  00001000  RWIX
  FLASH_BANK1_SEC7      00097000   00001000  00000000  00001000  RWIX
  FLASH_BANK1_SEC8      00098000   00001000  00000000  00001000  RWIX
  FLASH_BANK1_SEC9      00099000   00001000  00000000  00001000  RWIX
  FLASH_BANK1_SEC10     0009a000   00001000  00000000  00001000  RWIX
  FLASH_BANK1_SEC11     0009b000   00001000  00000000  00001000  RWIX
  FLASH_BANK1_SEC12     0009c000   00001000  00000000  00001000  RWIX
  FLASH_BANK1_SEC13     0009d000   00001000  00000000  00001000  RWIX
  FLASH_BANK1_SEC14     0009e000   00001000  00000000  00001000  RWIX
  FLASH_BANK1_SEC15     0009f000   00001000  00000000  00001000  RWIX
  FLASH_BANK2_SEC0      000a0000   00001000  00000000  00001000  RWIX
  FLASH_BANK2_SEC1      000a1000   00001000  00000000  00001000  RWIX
  FLASH_BANK2_SEC2      000a2000   00001000  00000000  00001000  RWIX
  FLASH_BANK2_SEC3      000a3000   00001000  00000000  00001000  RWIX
  FLASH_BANK2_SEC4      000a4000   00001000  00000000  00001000  RWIX
  FLASH_BANK2_SEC5      000a5000   00001000  00000000  00001000  RWIX
  FLASH_BANK2_SEC6      000a6000   00001000  00000000  00001000  RWIX
  FLASH_BANK2_SEC7      000a7000   00001000  00000000  00001000  RWIX
  FLASH_BANK2_SEC8      000a8000   00001000  00000000  00001000  RWIX
  FLASH_BANK2_SEC9      000a9000   00001000  00000000  00001000  RWIX
  FLASH_BANK2_SEC10     000aa000   00001000  00000000  00001000  RWIX
  FLASH_BANK2_SEC11     000ab000   00001000  00000000  00001000  RWIX
  FLASH_BANK2_SEC12     000ac000   00001000  00000000  00001000  RWIX
  FLASH_BANK2_SEC13     000ad000   00001000  00000000  00001000  RWIX
  FLASH_BANK2_SEC14     000ae000   00001000  00000000  00001000  RWIX
  FLASH_BANK2_SEC15     000af000   00000ff0  00000000  00000ff0  RWIX
  RESET                 003fffc0   00000002  00000000  00000002  RWIX


SECTION ALLOCATION MAP

 output                                  attributes/
section   page    origin      length       input sections
--------  ----  ----------  ----------   ----------------
.reset     0    003fffc0    00000000     DSECT

.stack     0    00000128    00000100     UNINITIALIZED
                  00000128    00000100     --HOLE--

.data      0    000004be    00000099     UNINITIALIZED
                  000004be    00000002     rts2800_fpu32_eabi.lib : _lock.c.obj (.data:_lock)
                  000004c0    0000005c     motor1_drive.obj (.data)
                  0000051c    00000010     motor_common.obj (.data)
                  0000052c    00000010     sys_main.obj (.data)
                  0000053c    00000008     sys_main.obj (.data:txData)
                  00000544    00000006     rts2800_fpu32_eabi.lib : exit.c.obj (.data)
                  0000054a    00000004     sys_main.obj (.data:tx)
                  0000054e    00000004     sys_main.obj (.data:tx_data)
                  00000552    00000002     rts2800_fpu32_eabi.lib : _lock.c.obj (.data:_unlock)
                  00000554    00000002     pi.obj (.data)
                  00000556    00000001     rts2800_fpu32_eabi.lib : errno.c.obj (.data)

hal_data   0    00000580    0000002a     UNINITIALIZED
                  00000580    0000002a     hal.obj (hal_data)

ctrlfuncs 
*          0    00008000    00000000     UNINITIALIZED

foc_data   0    0000d000    0000034c     UNINITIALIZED
                  0000d000    0000034c     motor1_drive.obj (foc_data)

motor_data 
*          0    0000d000    00000000     UNINITIALIZED

vibc_data 
*          0    0000d000    00000000     UNINITIALIZED

user_data 
*          0    0000d380    00000142     UNINITIALIZED
                  0000d380    00000142     user_mtr1.obj (user_data)

sys_data   0    0000d500    0000009c     UNINITIALIZED
                  0000d500    0000009c     sys_main.obj (sys_data)

codestart 
*          0    00080000    00000002     
                  00080000    00000002     f28003x_codestartbranch.obj (codestart)

.text      0    00081000    000050ca     
                  00081000    00000494     sys_main.obj (.text:main)
                  00081494    00000408     fast_full_lib_eabi.lib : est_flib_priv.obj (.text:EST_setParams)
                  0008189c    000003dc     motor1_drive.obj (.text:runMotor1OffsetsCalculation)
                  00081c78    0000035b     hal.obj (.text:HAL_setupGPIOs)
                  00081fd3    0000033f     motor1_drive.obj (.text:runMotor1Control)
                  00082312    000002ac     motor1_drive.obj (.text:initMotor1CtrlParameters)
                  000825be    00000292     communication.obj (.text:updateCANCmdFreq)
                  00082850    00000284     fast_full_lib_eabi.lib : est_flib_priv.obj (.text:EST_updateState)
                  00082ad4    00000256     user_mtr1.obj (.text:USER_setMotor1Params)
                  00082d2a    000001ec     motor_common.obj (.text:runMotorMonitor)
                  00082f16    000001be     fast_full_lib_eabi.lib : est_flib_priv.obj (.text:EST_reset)
                  000830d4    00000172     hal.obj (.text:HAL_setupPWMs)
                  00083246    00000165     communication.obj (.text:CAN_B_DATA_READ)
                  000833ab    0000015f     hal.obj (.text:HAL_setupADCs)
                  0008350a    0000015d     hal.obj (.text:HAL_setupCMPSSs)
                  00083667    0000011d     driverlib.lib : sysctl.obj (.text:SysCtl_setClock)
                  00083784    00000118     motor_common.obj (.text:setupControllers)
                  0008389c    0000010f     fast_full_lib_eabi.lib : est_Traj_flib_priv.obj (.text:EST_Traj_configure)
                  000839ab    00000101     rts2800_fpu32_eabi.lib : e_acosf.c.obj (.text)
                  00083aac    000000ec     hal.obj (.text:HAL_setupMtrFaults)
                  00083b98    000000e9     driverlib.lib : sysctl.obj (.text:SysCtl_isPLLValid)
                  00083c81    000000dd     motor1_drive.obj (.text:getHallAngle)
                  00083d5e    000000dc     motor_common.obj (.text:updateGlobalVariables)
                  00083e3a    000000d3     device.obj (.text:Device_enableAllPeripherals)
                  00083f0d    000000cb     sys_main.obj (.text:SPI_InitSequence)
                  00083fd8    000000c4     fast_full_lib_eabi.lib : est_flib_priv.obj (.text:EST_init)
                  0008409c    000000ab                            : est_Traj_flib_priv.obj (.text:EST_Traj_setParams)
                  00084147    000000a3     driverlib.lib : can.obj (.text:CAN_setupMessageObject)
                  000841ea    0000009b     drv8316s.obj (.text:DRV8316_writeSPI)
                  00084285    0000009a     driverlib.lib : spi.obj (.text:SPI_pollingFIFOTransaction)
                  0008431f    0000008a     motor_common.obj (.text:resetMotorControl)
                  000843a9    00000088     rts2800_fpu32_eabi.lib : fs_div28.asm.obj (.text)
                  00084431    00000086     fast_full_lib_eabi.lib : est_Dir_flib_priv.obj (.text:EST_Dir_setLpFilterParams)
                  000844b7    00000086     motor_common.obj (.text:calculateRMSData)
                  0008453d    00000084     cpu_time.obj (.text:CPU_TIME_reset)
                  000845c1    00000081     hal.obj (.text:HAL_setupSPI)
                  00084642    0000007c     drv8316s.obj (.text:DRV8316_readSPI)
                  000846be    00000077     fast_full_lib_eabi.lib : user_flib_priv.obj (.text:USER_setParams_priv)
                  00084735    0000006a     hal.obj (.text:HAL_setupI2CA)
                  0008479f    00000069     hal.obj (.text:HAL_MTR1_init)
                  00084808    00000063     hal.obj (.text:HAL_MTR_setGateDriver)
                  0008486b    00000061     motor_common.obj (.text:runRsOnLine)
                  000848cc    00000060     communication.obj (.text:HAL_setupCAN)
                  0008492c    0000005c     fast_full_lib_eabi.lib : est_Flux_flib_priv.obj (.text:EST_Flux_setParams)
                  00084988    00000059                            : est_Traj_flib_priv.obj (.text:EST_Traj_updateState)
                  000849e1    00000053     motor_common.obj (.text:collectRMSData)
                  00084a34    00000053     motor_common.obj (.text:restartMotorControl)
                  00084a87    00000052     hal.obj (.text:HAL_setupSCIA)
                  00084ad9    0000004f     dac128s085.obj (.text:DAC128S_setupSPI)
                  00084b28    0000004f     communication.obj (.text:initCANCOM)
                  00084b77    0000004e     dac128s085.obj (.text:DAC128S_setupSPIBR)
                  00084bc5    0000004e     fast_full_lib_eabi.lib : est_Freq_flib_priv.obj (.text:EST_Freq_setParams)
                  00084c13    0000004d     drv8316s.obj (.text:DRV8316_writeData)
                  00084c60    0000004c     drv8316s.obj (.text:DRV8316_enable)
                  00084cac    0000004a     fast_full_lib_eabi.lib : est_Dir_flib_priv.obj (.text:EST_Dir_setHpFilterParams)
                  00084cf6    0000004a                            : est_Flux_ab_flib_priv.obj (.text:EST_Flux_ab_setDerFilterParams)
                  00084d40    0000004a                            : est_Iab_flib_priv.obj (.text:EST_Iab_setLpFilterParams)
                  00084d8a    0000004a                            : est_Idq_flib_priv.obj (.text:EST_Idq_setLpFilterParams)
                  00084dd4    0000004a                            : est_Vdq_flib_priv.obj (.text:EST_Vdq_setLpFilterParams)
                  00084e1e    00000049     drv8316s.obj (.text:DRV8316_setupSPI)
                  00084e67    00000049     sys_main.obj (.text:EEPROM_readByte)
                  00084eb0    00000048     drv8316s.obj (.text:DRV8316_readData)
                  00084ef8    00000045     fast_full_lib_eabi.lib : est_RsOnLine_flib_priv.obj (.text:EST_RsOnLine_setParams)
                  00084f3d    00000045     driverlib.lib : gpio.obj (.text:GPIO_setAnalogMode)
                  00084f82    00000045                   : sysctl.obj (.text:SysCtl_selectXTAL)
                  00084fc7    00000041                   : interrupt.obj (.text:Interrupt_initModule)
                  00085008    00000040     hal.obj (.text:HAL_setupSPIB_Encoder)
                  00085048    0000003f     device.obj (.text:Device_init)
                  00085087    0000003f     fast_full_lib_eabi.lib : est_Ls_flib_priv.obj (.text:EST_Ls_setParams)
                  000850c6    0000003f     driverlib.lib : gpio.obj (.text:GPIO_setPadConfig)
                  00085105    0000003e                   : sysctl.obj (.text:SysCtl_pollX1Counter)
                  00085143    0000003d     fast_full_lib_eabi.lib : est_RsOnLine_flib_priv.obj (.text:EST_RsOnLine_setLpFilterParams)
                  00085180    0000003c     driverlib.lib : i2c.obj (.text:I2C_initController)
                  000851bc    0000003a     fast_full_lib_eabi.lib : est_Flux_flib_priv.obj (.text:EST_Flux_updateState)
                  000851f6    00000039     driverlib.lib : can.obj (.text:CAN_sendMessage)
                  0008522f    00000039     hal.obj (.text:HAL_init)
                  00085268    00000037     driverlib.lib : can.obj (.text:CAN_readMessage)
                  0008529f    00000037     sys_main.obj (.text:EEPROM_writeFloat)
                  000852d6    00000036     driverlib.lib : interrupt.obj (.text:Interrupt_enable)
                  0008530c    00000035     sys_main.obj (.text:EEPROM_readFloat)
                  00085341    00000035     fast_full_lib_eabi.lib : est_Ls_flib_priv.obj (.text:EST_Ls_updateState)
                  00085376    00000033     sys_main.obj (.text:EEPROM_writeByte)
                  000853a9    00000033     fast_full_lib_eabi.lib : est_Rr_flib_priv.obj (.text:EST_Rr_updateState)
                  000853dc    00000033                            : est_Rs_flib_priv.obj (.text:EST_Rs_updateState)
                  0008540f    00000033     sys_main.obj (.text:InitI2C)
                  00085442    00000031     fast_full_lib_eabi.lib : est_Dir_flib_priv.obj (.text:EST_Dir_init)
                  00085473    00000031     driverlib.lib : sysctl.obj (.text:SysCtl_selectOscSource)
                  000854a4    00000030                   : can.obj (.text:CAN_setBitRate)
                  000854d4    00000030                   : can.obj (.text:CAN_setBitTiming)
                  00085504    00000030                   : gpio.obj (.text:GPIO_setPinConfig)
                  00085534    0000002f     motor_common.obj (.text:calcMotorOverCurrentThreshold)
                  00085563    0000002e     fast_full_lib_eabi.lib : est_Iab_flib_priv.obj (.text:EST_Iab_resetLpFilters)
                  00085591    0000002e     rts2800_fpu32_eabi.lib : copy_decompress_lzss.c.obj (.text:decompress:lzss)
                  000855bf    0000002c     hal.obj (.text:HAL_MTR_setParams)
                  000855eb    0000002b     driverlib.lib : xbar.obj (.text:XBAR_setEPWMMuxConfig)
                  00085616    0000002b     rts2800_fpu32_eabi.lib : autoinit.c.obj (.text:__TI_auto_init_nobinit_nopinit)
                  00085641    0000002a     fast_full_lib_eabi.lib : est_Freq_flib_priv.obj (.text:EST_Freq_setDerFilterParams)
                  0008566b    0000002a                            : est_Freq_flib_priv.obj (.text:EST_Freq_setLpFilterParams)
                  00085695    0000002a                            : est_Vdq_flib_priv.obj (.text:EST_Vdq_resetLpFilters)
                  000856bf    0000002a     hal.obj (.text:HAL_setupTimeBaseTimer)
                  000856e9    0000002a     rts2800_fpu32_eabi.lib : fd_cmp28.asm.obj (.text)
                  00085713    00000029     fast_full_lib_eabi.lib : est_OneOverDcBus_flib_priv.obj (.text:EST_OneOverDcBus_setParams)
                  0008573c    00000029                            : est_RsOnLine_flib_priv.obj (.text:EST_RsOnLine_init)
                  00085765    00000029                            : est_flib_priv.obj (.text:EST_setFluxBeta_lp)
                  0008578e    00000029     rts2800_fpu32_eabi.lib : exit.c.obj (.text)
                  000857b7    00000028     fast_full_lib_eabi.lib : est_flib_priv.obj (.text:EST_computeTorque_Nm)
                  000857df    00000001     rts2800_fpu32_eabi.lib : startup.c.obj (.text)
                  000857e0    00000027                            : e_sqrtf.c.obj (.text)
                  00085807    00000026     fast_full_lib_eabi.lib : est_Angle_flib_priv.obj (.text:EST_Angle_setParams)
                  0008582d    00000026                            : est_Idq_flib_priv.obj (.text:EST_Idq_resetLpFilters)
                  00085853    00000001     --HOLE-- [fill = 0]
                  00085854    00000025     sys_main.obj (.text:SPI_TX_build2)
                  00085879    00000023     driverlib.lib : sci.obj (.text:SCI_setConfig)
                  0008589c    00000022                   : gpio.obj (.text:GPIO_setQualificationMode)
                  000858be    00000022     hal.obj (.text:HAL_setParams)
                  000858e0    00000021     driverlib.lib : sysctl.obj (.text:SysCtl_selectXTALSingleEnded)
                  00085901    00000021     rts2800_fpu32_eabi.lib : fd_toi28.asm.obj (.text)
                  00085922    00000020     driverlib.lib : gpio.obj (.text:GPIO_setDirectionMode)
                  00085942    00000020     hal.obj (.text:HAL_setTriggerPrams)
                  00085962    0000001f     driverlib.lib : spi.obj (.text:SPI_setConfig)
                  00085981    0000001e     fast_full_lib_eabi.lib : est_flib_priv.obj (.text:EST_computeLmag_H)
                  0008599f    0000001e     driverlib.lib : spi.obj (.text:SPI_clearInterruptStatus)
                  000859bd    0000001d     rts2800_fpu32_eabi.lib : memcpy.c.obj (.text)
                  000859da    0000001c     fast_full_lib_eabi.lib : est_Dir_flib_priv.obj (.text:EST_Dir_resetLpFilters)
                  000859f6    0000001c                            : est_Rr_flib_priv.obj (.text:EST_Rr_setParams)
                  00085a12    0000001c                            : est_Rs_flib_priv.obj (.text:EST_Rs_setParams)
                  00085a2e    0000001c                            : est_Traj_flib_priv.obj (.text:EST_Traj_init)
                  00085a4a    0000001c                            : est_flib_priv.obj (.text:EST_setFreqBetaOmega_der)
                  00085a66    0000001c     driverlib.lib : sci.obj (.text:SCI_clearInterruptStatus)
                  00085a82    0000001c     rts2800_fpu32_eabi.lib : fs_tofdfpu32.asm.obj (.text)
                  00085a9e    0000001b     fast_full_lib_eabi.lib : est_flib_priv.obj (.text:EST_setFlux_ab_betaOmega_der)
                  00085ab9    0000001b     driverlib.lib : gpio.obj (.text:GPIO_setQualificationPeriod)
                  00085ad4    0000001b     hal.obj (.text:HAL_setMtrCMPSSDACValue)
                  00085aef    0000001b     hal.obj (.text:HAL_setupCPUUsageTimer)
                  00085b0a    0000001a     driverlib.lib : adc.obj (.text:ADC_setOffsetTrimAll)
                  00085b24    0000001a     motor1_drive.obj (.text:initMotor1Handles)
                  00085b3e    00000019     driverlib.lib : adc.obj (.text:ADC_setVREF)
                  00085b57    00000019                   : can.obj (.text:CAN_clearInterruptStatus)
                  00085b70    00000019                   : cmpss.obj (.text:CMPSS_configFilterHigh)
                  00085b89    00000019                   : cmpss.obj (.text:CMPSS_configFilterLow)
                  00085ba2    00000019     mtpa.obj (.text:MTPA_computeParameters)
                  00085bbb    00000019     motor_common.obj (.text:setupClarke_I)
                  00085bd4    00000018     fast_full_lib_eabi.lib : est_Traj_flib_priv.obj (.text:EST_Traj_reset)
                  00085bec    00000018     sys_main.obj (.text:SPI_OnceTransaction2)
                  00085c04    00000018     sys_main.obj (.text:SPI_OnceTransaction)
                  00085c1c    00000017     rts2800_fpu32_eabi.lib : boot28.asm.obj (.text)
                  00085c33    00000016     fast_full_lib_eabi.lib : est_Flux_ab_flib_priv.obj (.text:EST_Flux_ab_init)
                  00085c49    00000016                            : est_Freq_flib_priv.obj (.text:EST_Freq_init)
                  00085c5f    00000016                            : est_Iab_flib_priv.obj (.text:EST_Iab_init)
                  00085c75    00000016                            : est_Iab_flib_priv.obj (.text:EST_Iab_setParams)
                  00085c8b    00000016                            : est_Idq_flib_priv.obj (.text:EST_Idq_init)
                  00085ca1    00000016                            : est_Vdq_flib_priv.obj (.text:EST_Vdq_init)
                  00085cb7    00000016     sys_main.obj (.text:SPI_TX_build)
                  00085ccd    00000015     driverlib.lib : can.obj (.text:CAN_initModule)
                  00085ce2    00000015     fast_full_lib_eabi.lib : est_flib_priv.obj (.text:EST_setFreqBeta_lp)
                  00085cf7    00000015                            : est_flib_priv.obj (.text:EST_setIab_beta_lp)
                  00085d0c    00000015                            : est_flib_priv.obj (.text:EST_setIdq_beta_lp)
                  00085d21    00000015                            : est_flib_priv.obj (.text:EST_setVdq_beta_lp)
                  00085d36    00000015     driverlib.lib : interrupt.obj (.text:Interrupt_initVectorTable)
                  00085d4b    00000014     motor_common.obj (.text:setupClarke_V)
                  00085d5f    00000013     fast_full_lib_eabi.lib : est_Idq_flib_priv.obj (.text:EST_Idq_setParams)
                  00085d72    00000012                            : est_Vdq_flib_priv.obj (.text:EST_Vdq_setParams)
                  00085d84    00000012                            : est_flib_priv.obj (.text:EST_initEst)
                  00085d96    00000011     driverlib.lib : i2c.obj (.text:I2C_clearInterruptStatus)
                  00085da7    00000010     device.obj (.text:Device_initGPIO)
                  00085db7    00000010     fast_full_lib_eabi.lib : est_Dir_flib_priv.obj (.text:EST_Dir_resetHpFilters)
                  00085dc7    00000010                            : est_Flux_ab_flib_priv.obj (.text:EST_Flux_ab_resetDerFilters)
                  00085dd7    00000010     motor_common.obj (.text:stopMotorControl)
                  00085de7    0000000f     fast_full_lib_eabi.lib : est_Flux_flib_priv.obj (.text:EST_Flux_init)
                  00085df6    0000000f                            : est_OneOverDcBus_flib_priv.obj (.text:EST_OneOverDcBus_init)
                  00085e05    0000000f                            : est_all_setup_flib_priv.obj (.text:EST_setFreqLFP_sf)
                  00085e14    0000000e                            : est_flib_priv.obj (.text:EST_getFlux_Wb)
                  00085e22    0000000e                            : est_flib_priv.obj (.text:EST_getFm_lp_Hz)
                  00085e30    0000000d     hal.obj (.text:HAL_enableCtrlInts)
                  00085e3d    0000000d     hal.obj (.text:ReadEncoderSSI)
                  00085e4a    0000000c     fast_full_lib_eabi.lib : est_all_setup_flib_priv.obj (.text:EST_setBemf_sf)
                  00085e56    0000000c                            : est_all_setup_flib_priv.obj (.text:EST_setOneOverFluxGain_sf)
                  00085e62    0000000c     driverlib.lib : interrupt.obj (.text:Interrupt_defaultHandler)
                  00085e6e    0000000c     rts2800_fpu32_eabi.lib : args_main.c.obj (.text)
                  00085e7a    0000000b     fast_full_lib_eabi.lib : est_Dir_flib_priv.obj (.text:EST_Dir_setParams)
                  00085e85    0000000a     dac128s085.obj (.text:DAC128S_init)
                  00085e8f    0000000a     fast_full_lib_eabi.lib : est_Flux_ab_flib_priv.obj (.text:EST_Flux_ab_setParams)
                  00085e99    0000000a     driverlib.lib : interrupt.obj (.text:Interrupt_illegalOperationHandler)
                  00085ea3    0000000a                   : interrupt.obj (.text:Interrupt_nmiHandler)
                  00085ead    00000009                   : epwm.obj (.text:EPWM_setEmulationMode)
                  00085eb6    00000009     fast_full_lib_eabi.lib : est_flib_priv.obj (.text:EST_computePower_W)
                  00085ebf    00000009                            : est_flib_priv.obj (.text:EST_setAngle_rad)
                  00085ec8    00000009                            : inverse_flib_priv.obj (.text:INVERSE_setParams)
                  00085ed1    00000009     rts2800_fpu32_eabi.lib : _lock.c.obj (.text)
                  00085eda    00000008     fast_full_lib_eabi.lib : est_flib_priv.obj (.text:EST_enableTraj)
                  00085ee2    00000008                            : est_flib_priv.obj (.text:EST_getLs_d_H)
                  00085eea    00000008                            : est_flib_priv.obj (.text:EST_getLs_q_H)
                  00085ef2    00000008                            : est_flib_priv.obj (.text:EST_getRr_Ohm)
                  00085efa    00000008                            : est_flib_priv.obj (.text:EST_getRsOnLine_Ohm)
                  00085f02    00000008                            : est_flib_priv.obj (.text:EST_getRs_Ohm)
                  00085f0a    00000008                            : est_flib_priv.obj (.text:EST_isError)
                  00085f12    00000008                            : est_flib_priv.obj (.text:EST_isIdle)
                  00085f1a    00000008                            : est_flib_priv.obj (.text:EST_isLockRotor)
                  00085f22    00000008                            : est_flib_priv.obj (.text:EST_setFlag_enablePowerWarp)
                  00085f2a    00000008                            : est_flib_priv.obj (.text:EST_setLs_d_H)
                  00085f32    00000008                            : est_flib_priv.obj (.text:EST_setLs_q_H)
                  00085f3a    00000008                            : est_flib_priv.obj (.text:EST_setRr_Ohm)
                  00085f42    00000008                            : est_flib_priv.obj (.text:EST_setRsOnLineId_A)
                  00085f4a    00000008                            : est_flib_priv.obj (.text:EST_setRsOnLineId_mag_A)
                  00085f52    00000008                            : est_flib_priv.obj (.text:EST_setRsOnLine_Ohm)
                  00085f5a    00000008     rts2800_fpu32_eabi.lib : copy_decompress_none.c.obj (.text:decompress:none)
                  00085f62    00000008     f28003x_codestartbranch.obj (.text)
                  00085f6a    00000007     fast_full_lib_eabi.lib : est_Eab_flib_priv.obj (.text:EST_Eab_setParams)
                  00085f71    00000007                            : est_Flux_flib_priv.obj (.text:EST_Flux_setWaitTimes)
                  00085f78    00000007                            : est_Freq_flib_priv.obj (.text:EST_Freq_resetDerFilter)
                  00085f7f    00000007                            : est_Freq_flib_priv.obj (.text:EST_Freq_resetLpFilter)
                  00085f86    00000007                            : est_Ls_flib_priv.obj (.text:EST_Ls_setWaitTimes)
                  00085f8d    00000007                            : est_Rr_flib_priv.obj (.text:EST_Rr_setWaitTimes)
                  00085f94    00000007                            : est_Rs_flib_priv.obj (.text:EST_Rs_setWaitTimes)
                  00085f9b    00000007                            : est_flib_priv.obj (.text:EST_configureTraj)
                  00085fa2    00000007                            : est_flib_priv.obj (.text:EST_disableTraj)
                  00085fa9    00000007                            : est_flib_priv.obj (.text:EST_setMotorParams)
                  00085fb0    00000007                            : est_flib_priv.obj (.text:EST_setWaitTimes)
                  00085fb7    00000007                            : est_flib_priv.obj (.text:EST_updateTrajState)
                  00085fbe    00000007     hal.obj (.text:HAL_clearDataRAM)
                  00085fc5    00000007     rts2800_fpu32_eabi.lib : memset.c.obj (.text)
                  00085fcc    00000006     driverlib.lib : cputimer.obj (.text:CPUTimer_setEmulationMode)
                  00085fd2    00000006     cpu_time.obj (.text:CPU_TIME_init)
                  00085fd8    00000006     fast_full_lib_eabi.lib : est_Traj_flib_priv.obj (.text:EST_Traj_isError)
                  00085fde    00000006                            : est_flib_priv.obj (.text:EST_getFe_rps)
                  00085fe4    00000006                            : est_flib_priv.obj (.text:EST_isTrajError)
                  00085fea    00000006                            : est_flib_priv.obj (.text:EST_setId_ref_A)
                  00085ff0    00000006                            : est_flib_priv.obj (.text:EST_setIq_ref_A)
                  00085ff6    00000006     filter_fo.obj (.text:FILTER_FO_setInitialConditions)
                  00085ffc    00000006     rts2800_fpu32_eabi.lib : copy_zero_init.c.obj (.text:decompress:ZI)
                  00086002    00000005     fast_full_lib_eabi.lib : est_Edq_flib_priv.obj (.text:EST_Edq_setEdq_V)
                  00086007    00000005                            : est_Flux_dq_flib_priv.obj (.text:EST_Flux_dq_setFlux_Wb)
                  0008600c    00000005                            : est_Vab_flib_priv.obj (.text:EST_Vab_setVab_V)
                  00086011    00000005                            : est_flib_priv.obj (.text:EST_enable)
                  00086016    00000005                            : est_flib_priv.obj (.text:EST_getTrajState)
                  0008601b    00000005     filter_fo.obj (.text:FILTER_FO_setNumCoeffs)
                  00086020    00000005     hal.obj (.text:HAL_readDRVData)
                  00086025    00000005     hal.obj (.text:HAL_writeDRVData)
                  0008602a    00000004     clarke.obj (.text:CLARKE_init)
                  0008602e    00000004     fast_full_lib_eabi.lib : est_Angle_flib_priv.obj (.text:EST_Angle_init)
                  00086032    00000004                            : est_Eab_flib_priv.obj (.text:EST_Eab_init)
                  00086036    00000004                            : est_Edq_flib_priv.obj (.text:EST_Edq_init)
                  0008603a    00000004                            : est_Flux_dq_flib_priv.obj (.text:EST_Flux_dq_init)
                  0008603e    00000004                            : est_Ls_flib_priv.obj (.text:EST_Ls_init)
                  00086042    00000004                            : est_Rr_flib_priv.obj (.text:EST_Rr_init)
                  00086046    00000004                            : est_Rs_flib_priv.obj (.text:EST_Rs_init)
                  0008604a    00000004                            : est_Vab_flib_priv.obj (.text:EST_Vab_init)
                  0008604e    00000004                            : est_flib_priv.obj (.text:EST_disable)
                  00086052    00000004                            : est_flib_priv.obj (.text:EST_getFlag_bypassLockRotor)
                  00086056    00000004                            : est_flib_priv.obj (.text:EST_getFlag_enable)
                  0008605a    00000004                            : est_flib_priv.obj (.text:EST_getFlag_enableRsOnLine_inline)
                  0008605e    00000004                            : est_flib_priv.obj (.text:EST_getFlag_enableRsRecalc)
                  00086062    00000004                            : est_flib_priv.obj (.text:EST_getRoverL_rps_inline)
                  00086066    00000004                            : est_flib_priv.obj (.text:EST_isMotorIdentified)
                  0008606a    00000004                            : est_flib_priv.obj (.text:EST_setFlag_bypassLockRotor)
                  0008606e    00000004                            : est_flib_priv.obj (.text:EST_setFlag_enable)
                  00086072    00000004                            : est_flib_priv.obj (.text:EST_setFlag_enableFluxControl)
                  00086076    00000004                            : est_flib_priv.obj (.text:EST_setFlag_enableForceAngle)
                  0008607a    00000004                            : est_flib_priv.obj (.text:EST_setFlag_enableRsOnLine_inline)
                  0008607e    00000004                            : est_flib_priv.obj (.text:EST_setFlag_enableRsRecalc)
                  00086082    00000004                            : est_flib_priv.obj (.text:EST_setFlag_updateRs)
                  00086086    00000004     filter_fo.obj (.text:FILTER_FO_init)
                  0008608a    00000004     hal.obj (.text:HAL_enableGlobalInts)
                  0008608e    00000004     fast_full_lib_eabi.lib : inverse_flib_priv.obj (.text:INVERSE_init)
                  00086092    00000004     ipark.obj (.text:IPARK_init)
                  00086096    00000004     mtpa.obj (.text:MTPA_init)
                  0008609a    00000004     park.obj (.text:PARK_init)
                  0008609e    00000004     pi.obj (.text:PI_init)
                  000860a2    00000004     svgen.obj (.text:SVGEN_init)
                  000860a6    00000004     traj.obj (.text:TRAJ_init)
                  000860aa    00000003     drv8316s.obj (.text:DRV8316_init)
                  000860ad    00000003     fast_full_lib_eabi.lib : est_flib_priv.obj (.text:EST_checkForErrors)
                  000860b0    00000003                            : est_all_setup_flib_priv.obj (.text:EST_getFASTVersion)
                  000860b3    00000003                            : est_flib_priv.obj (.text:EST_resetCounter_isr)
                  000860b6    00000003                            : est_flib_priv.obj (.text:EST_resetCounter_state)
                  000860b9    00000003                            : est_flib_priv.obj (.text:EST_setNumIsrTicksPerEstTick)
                  000860bc    00000003     filter_fo.obj (.text:FILTER_FO_setDenCoeffs)
                  000860bf    00000003     hal.obj (.text:HAL_enableDebugInt)
                  000860c2    00000002     drv8316s.obj (.text:DRV8316_setGPIOCSNumber)
                  000860c4    00000002     drv8316s.obj (.text:DRV8316_setGPIOENNumber)
                  000860c6    00000002     drv8316s.obj (.text:DRV8316_setSPIHandle)
                  000860c8    00000002     rts2800_fpu32_eabi.lib : pre_init.c.obj (.text)

.TI.ramfunc 
*          0    000860d0    00001453     RUN ADDR = 00008000
                  000860d0    0000085c     motor1_drive.obj (.TI.ramfunc:motor1CtrlISR)
                  0008692c    0000072e     fast_full_lib_eabi.lib : est_flib_priv.obj (.TI.ramfunc:EST_runEst)
                  0008705a    00000213                            : est_all_identify_flib_priv.obj (.TI.ramfunc:EST_configureTrajState)
                  0008726d    000000b4                            : est_flib_priv.obj (.TI.ramfunc:EST_run)
                  00087321    00000084     communication.obj (.TI.ramfunc:canaISR)
                  000873a5    0000007f     fast_full_lib_eabi.lib : est_all_run_flib_priv.obj (.TI.ramfunc:EST_setupTrajState)
                  00087424    0000005d                            : est_Traj_flib_priv.obj (.TI.ramfunc:EST_Traj_run)
                  00087481    0000004b     driverlib.lib : flash.obj (.TI.ramfunc:Flash_initModule)
                  000874cc    00000016     fast_full_lib_eabi.lib : est_flib_priv.obj (.TI.ramfunc:EST_doSpeedCtrl)
                  000874e2    0000000f                            : est_flib_priv.obj (.TI.ramfunc:EST_updateId_ref_A)
                  000874f1    0000000a                            : est_flib_priv.obj (.TI.ramfunc:EST_doCurrentCtrl)
                  000874fb    00000009                            : est_flib_priv.obj (.TI.ramfunc:EST_getIntValue_spd_Hz)
                  00087504    00000008                            : est_flib_priv.obj (.TI.ramfunc:EST_getIdRated_A)
                  0008750c    00000007                            : est_flib_priv.obj (.TI.ramfunc:EST_getIntValue_Id_A)
                  00087513    00000006                            : est_flib_priv.obj (.TI.ramfunc:EST_runTraj)
                  00087519    00000004                            : est_flib_priv.obj (.TI.ramfunc:EST_isEnabled)
                  0008751d    00000004     driverlib.lib : sysctl.obj (.TI.ramfunc)
                  00087521    00000002     fast_full_lib_eabi.lib : est_flib_priv.obj (.TI.ramfunc:EST_getState)

ramfuncs   0    00087523    00000000     UNINITIALIZEDRUN ADDR = 00009453

dclfuncs   0    00087523    00000000     UNINITIALIZEDRUN ADDR = 00009453

dcl32funcs 
*          0    00087523    00000000     UNINITIALIZEDRUN ADDR = 00009453

.cinit     0    00087580    0000007e     
                  00087580    00000043     (.cinit..data.load) [load image, compression = lzss]
                  000875c3    00000001     --HOLE-- [fill = 0]
                  000875c4    00000006     (__TI_handler_table)
                  000875ca    00000004     (.cinit..bss.load) [load image, compression = zero_init]
                  000875ce    00000004     (.cinit.est_data.load) [load image, compression = zero_init]
                  000875d2    00000004     (.cinit.foc_data.load) [load image, compression = zero_init]
                  000875d6    00000004     (.cinit.hal_data.load) [load image, compression = zero_init]
                  000875da    00000004     (.cinit.sys_data.load) [load image, compression = zero_init]
                  000875de    00000004     (.cinit.user_data.load) [load image, compression = zero_init]
                  000875e2    0000001c     (__TI_cinit_table)

.init_array 
*          0    00081000    00000000     UNINITIALIZED

.bss       0    00000400    000000be     UNINITIALIZED
                  00000400    0000003e     communication.obj (.bss)
                  0000043e    00000002     --HOLE--
                  00000440    00000034     sys_main.obj (.bss)
                  00000474    00000008     sys_main.obj (.bss:B_CAN_TX)
                  0000047c    00000004     sys_main.obj (.bss:rx)
                  00000480    00000028     motor1_drive.obj (.bss)
                  000004a8    00000008     sys_main.obj (.bss:rx2)
                  000004b0    00000006     motor1_drive.obj (.bss:prv_cmd)
                  000004b6    00000004     sys_main.obj (.bss:rx_data)
                  000004ba    00000004     sys_main.obj (.bss:tx2)

.const     0    00087528    00000058     
                  00087528    00000004     fast_full_lib_eabi.lib : est_Iab_flib_priv.obj (.const)
                  0008752c    00000004                            : est_Idq_flib_priv.obj (.const)
                  00087530    00000004                            : est_Vdq_flib_priv.obj (.const)
                  00087534    00000004     motor1_drive.obj (.const)
                  00087538    00000008     --HOLE-- [fill = 0]
                  00087540    00000040     fast_full_lib_eabi.lib : est_flib_priv.obj (.const)

est_data   0    0000e000    000005a8     UNINITIALIZED
                  0000e000    000005a8     fast_full_lib_eabi.lib : est_flib_priv.obj (est_data)

dmaBuf_data 
*          0    0000f000    00000000     UNINITIALIZED

datalog_data 
*          0    0000f000    00000000     UNINITIALIZED

SFRA_F32_Data 
*          0    0000f000    00000000     UNINITIALIZED

MODULE SUMMARY

       Module                           code    ro data   rw data
       ------                           ----    -------   -------
    .\
       sys_main.obj                     1765    0         268    
    +--+--------------------------------+-------+---------+---------+
       Total:                           1765    0         268    
                                                                 
    .\libraries\control\mtpa\
       mtpa.obj                         29      0         0      
    +--+--------------------------------+-------+---------+---------+
       Total:                           29      0         0      
                                                                 
    .\libraries\control\pi\
       pi.obj                           4       0         2      
    +--+--------------------------------+-------+---------+---------+
       Total:                           4       0         2      
                                                                 
    .\libraries\dacs\dac128s085\
       dac128s085.obj                   167     0         0      
    +--+--------------------------------+-------+---------+---------+
       Total:                           167     0         0      
                                                                 
    .\libraries\filter\filter_fo\
       filter_fo.obj                    18      0         0      
    +--+--------------------------------+-------+---------+---------+
       Total:                           18      0         0      
                                                                 
    .\libraries\transforms\clarke\
       clarke.obj                       4       0         0      
    +--+--------------------------------+-------+---------+---------+
       Total:                           4       0         0      
                                                                 
    .\libraries\transforms\ipark\
       ipark.obj                        4       0         0      
    +--+--------------------------------+-------+---------+---------+
       Total:                           4       0         0      
                                                                 
    .\libraries\transforms\park\
       park.obj                         4       0         0      
    +--+--------------------------------+-------+---------+---------+
       Total:                           4       0         0      
                                                                 
    .\libraries\transforms\svgen\
       svgen.obj                        4       0         0      
    +--+--------------------------------+-------+---------+---------+
       Total:                           4       0         0      
                                                                 
    .\libraries\utilities\cpu_time\
       cpu_time.obj                     138     0         0      
    +--+--------------------------------+-------+---------+---------+
       Total:                           138     0         0      
                                                                 
    .\libraries\utilities\traj\
       traj.obj                         4       0         0      
    +--+--------------------------------+-------+---------+---------+
       Total:                           4       0         0      
                                                                 
    .\src_board\
       hal.obj                          3063    0         42     
       user_mtr1.obj                    598     0         322    
    +--+--------------------------------+-------+---------+---------+
       Total:                           3661    0         364    
                                                                 
    .\src_board\drvic\
       drv8316s.obj                     586     0         0      
    +--+--------------------------------+-------+---------+---------+
       Total:                           586     0         0      
                                                                 
    .\src_control\
       motor1_drive.obj                 7030    4         982    
       motor_common.obj                 1635    0         16     
       communication.obj                1454    0         62     
    +--+--------------------------------+-------+---------+---------+
       Total:                           10119   4         1060   
                                                                 
    .\src_device\
       device.obj                       290     0         0      
       f28003x_codestartbranch.obj      10      0         0      
    +--+--------------------------------+-------+---------+---------+
       Total:                           300     0         0      
                                                                 
    ../src_device/driverlib.lib
       sysctl.obj                       739     0         0      
       can.obj                          417     0         0      
       gpio.obj                         273     0         0      
       spi.obj                          215     0         0      
       interrupt.obj                    172     0         0      
       flash.obj                        150     0         0      
       i2c.obj                          77      0         0      
       sci.obj                          63      0         0      
       adc.obj                          51      0         0      
       cmpss.obj                        50      0         0      
       xbar.obj                         43      0         0      
       epwm.obj                         9       0         0      
       cputimer.obj                     6       0         0      
    +--+--------------------------------+-------+---------+---------+
       Total:                           2265    0         0      
                                                                 
    ..\libraries\observers\est_lib\fast_full_lib_eabi.lib
       est_flib_priv.obj                7099    64        1448   
       est_all_identify_flib_priv.obj   1062    0         0      
       est_Traj_flib_priv.obj           775     0         0      
       est_Dir_flib_priv.obj            312     0         0      
       est_all_run_flib_priv.obj        254     0         0      
       est_Freq_flib_priv.obj           198     0         0      
       est_Flux_flib_priv.obj           172     0         0      
       est_RsOnLine_flib_priv.obj       171     0         0      
       est_Iab_flib_priv.obj            164     4         0      
       est_Vdq_flib_priv.obj            156     4         0      
       est_Idq_flib_priv.obj            153     4         0      
       est_Ls_flib_priv.obj             127     0         0      
       est_Flux_ab_flib_priv.obj        122     0         0      
       user_flib_priv.obj               119     0         0      
       est_Rr_flib_priv.obj             90      0         0      
       est_Rs_flib_priv.obj             90      0         0      
       est_OneOverDcBus_flib_priv.obj   56      0         0      
       est_Angle_flib_priv.obj          42      0         0      
       est_all_setup_flib_priv.obj      42      0         0      
       inverse_flib_priv.obj            13      0         0      
       est_Eab_flib_priv.obj            11      0         0      
       est_Edq_flib_priv.obj            9       0         0      
       est_Flux_dq_flib_priv.obj        9       0         0      
       est_Vab_flib_priv.obj            9       0         0      
    +--+--------------------------------+-------+---------+---------+
       Total:                           11255   76        1448   
                                                                 
    C:\ti\ccs2040\ccs\tools\compiler\ti-cgt-c2000_22.6.3.LTS\lib\rts2800_fpu32_eabi.lib
       e_acosf.c.obj                    257     0         0      
       fs_div28.asm.obj                 136     0         0      
       exit.c.obj                       41      0         6      
       copy_decompress_lzss.c.obj       46      0         0      
       autoinit.c.obj                   43      0         0      
       fd_cmp28.asm.obj                 42      0         0      
       e_sqrtf.c.obj                    39      0         0      
       fd_toi28.asm.obj                 33      0         0      
       memcpy.c.obj                     29      0         0      
       fs_tofdfpu32.asm.obj             28      0         0      
       boot28.asm.obj                   23      0         0      
       _lock.c.obj                      9       0         4      
       args_main.c.obj                  12      0         0      
       copy_decompress_none.c.obj       8       0         0      
       memset.c.obj                     7       0         0      
       copy_zero_init.c.obj             6       0         0      
       pre_init.c.obj                   2       0         0      
       errno.c.obj                      0       0         1      
       startup.c.obj                    1       0         0      
    +--+--------------------------------+-------+---------+---------+
       Total:                           762     0         11     
                                                                 
       Stack:                           0       0         256    
       Linker Generated:                0       125       0      
    +--+--------------------------------+-------+---------+---------+
       Grand Total:                     31089   205       3409   


LINKER GENERATED COPY TABLES

__TI_cinit_table @ 000875e2 records: 7, size/record: 4, table size: 28
	.data: load addr=00087580, load size=00000043 bytes, run addr=000004be, run size=00000099 bytes, compression=lzss
	.bss: load addr=000875ca, load size=00000004 bytes, run addr=00000400, run size=000000be bytes, compression=zero_init
	est_data: load addr=000875ce, load size=00000004 bytes, run addr=0000e000, run size=000005a8 bytes, compression=zero_init
	foc_data: load addr=000875d2, load size=00000004 bytes, run addr=0000d000, run size=0000034c bytes, compression=zero_init
	hal_data: load addr=000875d6, load size=00000004 bytes, run addr=00000580, run size=0000002a bytes, compression=zero_init
	sys_data: load addr=000875da, load size=00000004 bytes, run addr=0000d500, run size=0000009c bytes, compression=zero_init
	user_data: load addr=000875de, load size=00000004 bytes, run addr=0000d380, run size=00000142 bytes, compression=zero_init


LINKER GENERATED HANDLER TABLE

__TI_handler_table @ 000875c4 records: 3, size/record: 2, table size: 6
	index: 0, handler: __TI_zero_init
	index: 1, handler: __TI_decompress_lzss
	index: 2, handler: __TI_decompress_none


GLOBAL DATA SYMBOLS: SORTED BY DATA PAGE

address     data page           name
--------    ----------------    ----
00000128       4 (00000100)     __stack

00000400      10 (00000400)     CAN_USER_ID
00000401      10 (00000400)     temp_calculation_int1
00000402      10 (00000400)     temp_calculation_int2
00000403      10 (00000400)     temp_calculation_int3
00000404      10 (00000400)     flagEnablePosCtrl
00000406      10 (00000400)     temp_calculation_float1
00000408      10 (00000400)     temp_calculation_float2
0000040a      10 (00000400)     temp_calculation_float3
0000040c      10 (00000400)     temp_can_status
0000040e      10 (00000400)     preset1
00000410      10 (00000400)     preset2
00000412      10 (00000400)     preset3
00000414      10 (00000400)     canComVars

00000440      11 (00000440)     temp_data
00000441      11 (00000440)     IG_IN
00000442      11 (00000440)     IG_OUT
00000443      11 (00000440)     CAN_nINT
00000444      11 (00000440)     TEST_CHECK
00000445      11 (00000440)     test_CAN_B
00000446      11 (00000440)     check_rx3
00000447      11 (00000440)     SPI_READ
00000448      11 (00000440)     testtest
00000449      11 (00000440)     MOTOR_RUN
0000044a      11 (00000440)     test1
0000044b      11 (00000440)     test
0000044c      11 (00000440)     SPI_TEST
0000044d      11 (00000440)     SPI_DATA
0000044e      11 (00000440)     clear_Test
0000044f      11 (00000440)     CAN_B_CHECK
00000450      11 (00000440)     rx1
00000451      11 (00000440)     tx1
00000452      11 (00000440)     case_selection
00000453      11 (00000440)     tx_flag1
00000454      11 (00000440)     clear_flag
00000455      11 (00000440)     tx_build_flag
00000456      11 (00000440)     eeprom_r
00000458      11 (00000440)     ab
0000045a      11 (00000440)     cd
0000045c      11 (00000440)     Voffset
0000045e      11 (00000440)     test_time
00000460      11 (00000440)     variabe_time
00000462      11 (00000440)     boardTemp
00000464      11 (00000440)     boardHumi
00000466      11 (00000440)     motorTemp
00000468      11 (00000440)     readWord
0000046c      11 (00000440)     g_converter
00000470      11 (00000440)     g_converter_read
00000474      11 (00000440)     B_CAN_TX
0000047c      11 (00000440)     rx

00000480      12 (00000480)     positive_flag
00000481      12 (00000480)     negative_flag
00000482      12 (00000480)     temp_flag_vib1
00000484      12 (00000480)     temp_hallindex
00000486      12 (00000480)     temp_speed
00000488      12 (00000480)     temp_hall_ang
0000048a      12 (00000480)     temp_hall_offset
0000048c      12 (00000480)     temp_est_ang
0000048e      12 (00000480)     temp_hall_o_ang
00000490      12 (00000480)     temp_adj_angle_for
00000492      12 (00000480)     temp_adj_angle_bac
00000494      12 (00000480)     ahall_ang_filter
00000496      12 (00000480)     real_est
00000498      12 (00000480)     temp_analog_cmd
0000049a      12 (00000480)     is_ff
0000049c      12 (00000480)     temp_target1
0000049e      12 (00000480)     temp_target2
000004a0      12 (00000480)     total_time_sec
000004a2      12 (00000480)     avg_half_period
000004a4      12 (00000480)     new_freq_estimate
000004a8      12 (00000480)     rx2
000004b0      12 (00000480)     prv_cmd
000004b6      12 (00000480)     rx_data
000004ba      12 (00000480)     tx2
000004be      12 (00000480)     _lock

000004c0      13 (000004c0)     position_count
000004c1      13 (000004c0)     timer_e
000004c2      13 (000004c0)     n_index
000004c9      13 (000004c0)     temp_counter
000004ca      13 (000004c0)     temp_hallState1
000004cb      13 (000004c0)     temp_hallState2
000004cc      13 (000004c0)     temp_hallState3
000004cd      13 (000004c0)     temp_hallState4
000004ce      13 (000004c0)     overcount
000004cf      13 (000004c0)     undercount
000004d0      13 (000004c0)     AHUMAX
000004d2      13 (000004c0)     AHVMAX
000004d4      13 (000004c0)     AHWMAX
000004d6      13 (000004c0)     AHUMIN
000004d8      13 (000004c0)     AHVMIN
000004da      13 (000004c0)     AHWMIN
000004e6      13 (000004c0)     derating
000004e8      13 (000004c0)     derating2
000004f4      13 (000004c0)     ffgain

00000500      14 (00000500)     SAMPLING_FREQ_HZ
00000502      14 (00000500)     SIGNAL_FREQ_HZ
00000504      14 (00000500)     temp_kpv
00000506      14 (00000500)     sat_speed
00000508      14 (00000500)     poskp_2
0000050a      14 (00000500)     ffwd_kp
0000050c      14 (00000500)     Kp_qdd_Hz_per_rad
0000050e      14 (00000500)     Kd_qdd_Hz_per_rps
00000510      14 (00000500)     qdd_speed_sat_Hz
00000512      14 (00000500)     qdd_deadband_deg
00000514      14 (00000500)     contact_speed_th_Hz
00000516      14 (00000500)     contact_err_deg_th
00000518      14 (00000500)     contact_stiff_scale
0000051a      14 (00000500)     kd_boost_scale
0000051c      14 (00000500)     kps
0000051e      14 (00000500)     kis
00000520      14 (00000500)     ggainspdkp
00000522      14 (00000500)     ggainspdki
00000524      14 (00000500)     ggainidkp
00000526      14 (00000500)     ggainidki
00000528      14 (00000500)     ggainiqkp
0000052a      14 (00000500)     ggainiqki
0000052c      14 (00000500)     wc_s
0000052d      14 (00000500)     eep_read
0000052e      14 (00000500)     eep_write
0000052f      14 (00000500)     addr
00000530      14 (00000500)     TCAN_SEND_TEST
00000531      14 (00000500)     reset
00000532      14 (00000500)     Case_pick
00000536      14 (00000500)     temp_off_a
00000538      14 (00000500)     TCAN_DATA_H
0000053a      14 (00000500)     TCAN_DATA_L
0000053c      14 (00000500)     txData

00000544      15 (00000540)     __TI_enable_exit_profile_output
00000546      15 (00000540)     __TI_cleanup_ptr
00000548      15 (00000540)     __TI_dtors_ptr
0000054a      15 (00000540)     tx
0000054e      15 (00000540)     tx_data
00000552      15 (00000540)     _unlock
00000554      15 (00000540)     testpoint1_error
00000556      15 (00000540)     errno

00000580      16 (00000580)     halHandle
00000582      16 (00000580)     hal

0000d000     340 (0000d000)     motorHandle_M1
0000d002     340 (0000d000)     ipark_V_M1
0000d006     340 (0000d000)     park_I_M1
0000d00a     340 (0000d000)     park_V_M1
0000d00e     340 (0000d000)     svgen_M1
0000d012     340 (0000d000)     clarke_V_M1
0000d018     340 (0000d000)     clarke_I_M1
0000d01e     340 (0000d000)     traj_spd_M1
0000d028     340 (0000d000)     pi_Id_M1

0000d040     341 (0000d040)     pi_Iq_M1
0000d050     341 (0000d040)     pi_spd_M1
0000d060     341 (0000d040)     pi_pos_M1
0000d070     341 (0000d040)     pi_posgain_M1

0000d080     342 (0000d080)     mtpa_M1
0000d094     342 (0000d080)     halMtr_M1

0000d0c0     343 (0000d0c0)     motorSetVars_M1

0000d140     345 (0000d140)     motorVars_M1

0000d380     34e (0000d380)     drvicVars_M1

0000d3c0     34f (0000d3c0)     userParams_M1

0000d500     354 (0000d500)     cpuTimeHandle
0000d502     354 (0000d500)     dac128sHandle
0000d504     354 (0000d500)     systemVars
0000d51c     354 (0000d500)     dac128s

0000d540     355 (0000d540)     cpuTime

0000e000     380 (0000e000)     est


GLOBAL SYMBOLS: SORTED ALPHABETICALLY BY Name 

page  address   name                             
----  -------   ----                             
0     00085b0a  ADC_setOffsetTrimAll             
0     00085b3e  ADC_setVREF                      
0     000004d0  AHUMAX                           
0     000004d6  AHUMIN                           
0     000004d2  AHVMAX                           
0     000004d8  AHVMIN                           
0     000004d4  AHWMAX                           
0     000004da  AHWMIN                           
0     00000474  B_CAN_TX                         
0     0008578e  C$$EXIT                          
0     0000044f  CAN_B_CHECK                      
0     00083246  CAN_B_DATA_READ                  
0     00000400  CAN_USER_ID                      
0     00085b57  CAN_clearInterruptStatus         
0     00085ccd  CAN_initModule                   
0     00000443  CAN_nINT                         
0     00085268  CAN_readMessage                  
0     000851f6  CAN_sendMessage                  
0     000854a4  CAN_setBitRate                   
0     000854d4  CAN_setBitTiming                 
0     00084147  CAN_setupMessageObject           
0     0008602a  CLARKE_init                      
0     00085b70  CMPSS_configFilterHigh           
0     00085b89  CMPSS_configFilterLow            
0     00085fcc  CPUTimer_setEmulationMode        
0     00085fd2  CPU_TIME_init                    
0     0008453d  CPU_TIME_reset                   
0     00000532  Case_pick                        
0     00085e85  DAC128S_init                     
0     00084ad9  DAC128S_setupSPI                 
0     00084b77  DAC128S_setupSPIBR               
0     00084c60  DRV8316_enable                   
0     000860aa  DRV8316_init                     
0     00084eb0  DRV8316_readData                 
0     00084642  DRV8316_readSPI                  
0     000860c2  DRV8316_setGPIOCSNumber          
0     000860c4  DRV8316_setGPIOENNumber          
0     000860c6  DRV8316_setSPIHandle             
0     00084e1e  DRV8316_setupSPI                 
0     00084c13  DRV8316_writeData                
0     000841ea  DRV8316_writeSPI                 
0     00083e3a  Device_enableAllPeripherals      
0     00085048  Device_init                      
0     00085da7  Device_initGPIO                  
0     00084e67  EEPROM_readByte                  
0     0008530c  EEPROM_readFloat                 
0     00085376  EEPROM_writeByte                 
0     0008529f  EEPROM_writeFloat                
0     00085ead  EPWM_setEmulationMode            
0     0008602e  EST_Angle_init                   
0     00085807  EST_Angle_setParams              
0     00085442  EST_Dir_init                     
0     00085db7  EST_Dir_resetHpFilters           
0     000859da  EST_Dir_resetLpFilters           
0     00084cac  EST_Dir_setHpFilterParams        
0     00084431  EST_Dir_setLpFilterParams        
0     00085e7a  EST_Dir_setParams                
0     00086032  EST_Eab_init                     
0     00085f6a  EST_Eab_setParams                
0     00086036  EST_Edq_init                     
0     00086002  EST_Edq_setParams                
0     00085c33  EST_Flux_ab_init                 
0     00085dc7  EST_Flux_ab_resetDerFilters      
0     00084cf6  EST_Flux_ab_setDerFilterParams   
0     00085e8f  EST_Flux_ab_setParams            
0     0008603a  EST_Flux_dq_init                 
0     00086007  EST_Flux_dq_setParams            
0     00085de7  EST_Flux_init                    
0     0008492c  EST_Flux_setParams               
0     00085f71  EST_Flux_setWaitTimes            
0     000851bc  EST_Flux_updateState             
0     00085c49  EST_Freq_init                    
0     00085f78  EST_Freq_resetDerFilter          
0     00085f7f  EST_Freq_resetLpFilter           
0     00085641  EST_Freq_setDerFilterParams      
0     0008566b  EST_Freq_setLpFilterParams       
0     00084bc5  EST_Freq_setParams               
0     00085c5f  EST_Iab_init                     
0     00085563  EST_Iab_resetLpFilters           
0     00084d40  EST_Iab_setLpFilterParams        
0     00085c75  EST_Iab_setParams                
0     00085c8b  EST_Idq_init                     
0     0008582d  EST_Idq_resetLpFilters           
0     00084d8a  EST_Idq_setLpFilterParams        
0     00085d5f  EST_Idq_setParams                
0     0008603e  EST_Ls_init                      
0     00085087  EST_Ls_setParams                 
0     00085f86  EST_Ls_setWaitTimes              
0     00085341  EST_Ls_updateState               
0     00085df6  EST_OneOverDcBus_init            
0     00085713  EST_OneOverDcBus_setParams       
0     00086042  EST_Rr_init                      
0     000859f6  EST_Rr_setParams                 
0     00085f8d  EST_Rr_setWaitTimes              
0     000853a9  EST_Rr_updateState               
0     0008573c  EST_RsOnLine_init                
0     00085143  EST_RsOnLine_setLpFilterParams   
0     00084ef8  EST_RsOnLine_setParams           
0     00086046  EST_Rs_init                      
0     00085a12  EST_Rs_setParams                 
0     00085f94  EST_Rs_setWaitTimes              
0     000853dc  EST_Rs_updateState               
0     0008389c  EST_Traj_configure               
0     00085a2e  EST_Traj_init                    
0     00085fd8  EST_Traj_isError                 
0     00085bd4  EST_Traj_reset                   
0     00009354  EST_Traj_run                     
0     0008409c  EST_Traj_setParams               
0     00084988  EST_Traj_updateState             
0     0008604a  EST_Vab_init                     
0     0008600c  EST_Vab_setParams                
0     00085ca1  EST_Vdq_init                     
0     00085695  EST_Vdq_resetLpFilters           
0     00084dd4  EST_Vdq_setLpFilterParams        
0     00085d72  EST_Vdq_setParams                
0     000860ad  EST_checkForErrors               
0     00085981  EST_computeLmag_H                
0     00085eb6  EST_computePower_W               
0     000857b7  EST_computeTorque_Nm             
0     00085f9b  EST_configureTraj                
0     00008f8a  EST_configureTrajState           
0     0008604e  EST_disable                      
0     00085fa2  EST_disableTraj                  
0     00009421  EST_doCurrentCtrl                
0     000093fc  EST_doSpeedCtrl                  
0     00086011  EST_enable                       
0     00085eda  EST_enableTraj                   
0     000860b0  EST_getFASTVersion               
0     00085fde  EST_getFe_rps                    
0     00086052  EST_getFlag_bypassLockRotor      
0     00086056  EST_getFlag_enable               
0     0008605a  EST_getFlag_enableRsOnLine       
0     0008605e  EST_getFlag_enableRsRecalc       
0     00085e14  EST_getFlux_Wb                   
0     00085e22  EST_getFm_lp_Hz                  
0     00009434  EST_getIdRated_A                 
0     0000943c  EST_getIntValue_Id_A             
0     0000942b  EST_getIntValue_spd_Hz           
0     00085ee2  EST_getLs_d_H                    
0     00085eea  EST_getLs_q_H                    
0     00086062  EST_getRoverL_rps                
0     00085ef2  EST_getRr_Ohm                    
0     00085efa  EST_getRsOnLine_Ohm              
0     00085f02  EST_getRs_Ohm                    
0     00009451  EST_getState                     
0     00086016  EST_getTrajState                 
0     00083fd8  EST_init                         
0     00085d84  EST_initEst                      
0     00009449  EST_isEnabled                    
0     00085f0a  EST_isError                      
0     00085f12  EST_isIdle                       
0     00085f1a  EST_isLockRotor                  
0     00086066  EST_isMotorIdentified            
0     00085fe4  EST_isTrajError                  
0     00082f16  EST_reset                        
0     000860b3  EST_resetCounter_isr             
0     000860b6  EST_resetCounter_state           
0     0000919d  EST_run                          
0     00009443  EST_runTraj                      
0     00085ebf  EST_setAngle_rad                 
0     00085e4a  EST_setBemf_sf                   
0     0008606a  EST_setFlag_bypassLockRotor      
0     0008606e  EST_setFlag_enable               
0     00086072  EST_setFlag_enableFluxControl    
0     00086076  EST_setFlag_enableForceAngle     
0     00085f22  EST_setFlag_enablePowerWarp      
0     0008607a  EST_setFlag_enableRsOnLine       
0     0008607e  EST_setFlag_enableRsRecalc       
0     00086082  EST_setFlag_updateRs             
0     00085765  EST_setFluxBeta_lp               
0     00085a9e  EST_setFlux_ab_betaOmega_der     
0     00085a4a  EST_setFreqBetaOmega_der         
0     00085ce2  EST_setFreqBeta_lp               
0     00085e05  EST_setFreqLFP_sf                
0     00085cf7  EST_setIab_beta_lp               
0     00085fea  EST_setId_ref_A                  
0     00085d0c  EST_setIdq_beta_lp               
0     00085ff0  EST_setIq_ref_A                  
0     00085f2a  EST_setLs_d_H                    
0     00085f32  EST_setLs_q_H                    
0     00085fa9  EST_setMotorParams               
0     000860b9  EST_setNumIsrTicksPerEstTick     
0     00085e56  EST_setOneOverFluxGain_sf        
0     00081494  EST_setParams                    
0     00085f3a  EST_setRr_Ohm                    
0     00085f42  EST_setRsOnLineId_A              
0     00085f4a  EST_setRsOnLineId_mag_A          
0     00085f52  EST_setRsOnLine_Ohm              
0     00085d21  EST_setVdq_beta_lp               
0     00085fb0  EST_setWaitTimes                 
0     000092d5  EST_setupTrajState               
0     00009412  EST_updateId_ref_A               
0     00082850  EST_updateState                  
0     00085fb7  EST_updateTrajState              
0     00086086  FILTER_FO_init                   
0     000860bc  FILTER_FO_setDenCoeffs           
0     00085ff6  FILTER_FO_setInitialConditions   
0     0008601b  FILTER_FO_setNumCoeffs           
0     000093b1  Flash_initModule                 
0     00084f3d  GPIO_setAnalogMode               
0     00085922  GPIO_setDirectionMode            
0     000850c6  GPIO_setPadConfig                
0     00085504  GPIO_setPinConfig                
0     0008589c  GPIO_setQualificationMode        
0     00085ab9  GPIO_setQualificationPeriod      
0     0008479f  HAL_MTR1_init                    
0     00084808  HAL_MTR_setGateDriver            
0     000855bf  HAL_MTR_setParams                
0     00085fbe  HAL_clearDataRAM                 
0     00085e30  HAL_enableCtrlInts               
0     000860bf  HAL_enableDebugInt               
0     0008608a  HAL_enableGlobalInts             
0     0008522f  HAL_init                         
0     00086020  HAL_readDRVData                  
0     00085ad4  HAL_setMtrCMPSSDACValue          
0     000858be  HAL_setParams                    
0     00085942  HAL_setTriggerPrams              
0     000833ab  HAL_setupADCs                    
0     000848cc  HAL_setupCAN                     
0     0008350a  HAL_setupCMPSSs                  
0     00085aef  HAL_setupCPUUsageTimer           
0     00081c78  HAL_setupGPIOs                   
0     00084735  HAL_setupI2CA                    
0     00083aac  HAL_setupMtrFaults               
0     000830d4  HAL_setupPWMs                    
0     00084a87  HAL_setupSCIA                    
0     000845c1  HAL_setupSPI                     
0     00085008  HAL_setupSPIB_Encoder            
0     000856bf  HAL_setupTimeBaseTimer           
0     00086025  HAL_writeDRVData                 
0     00085d96  I2C_clearInterruptStatus         
0     00085180  I2C_initController               
0     00000441  IG_IN                            
0     00000442  IG_OUT                           
0     0008608e  INVERSE_init                     
0     00085ec8  INVERSE_setParams                
0     00086092  IPARK_init                       
0     0008540f  InitI2C                          
0     00085e62  Interrupt_defaultHandler         
0     000852d6  Interrupt_enable                 
0     00085e99  Interrupt_illegalOperationHandler
0     00084fc7  Interrupt_initModule             
0     00085d36  Interrupt_initVectorTable        
0     00085ea3  Interrupt_nmiHandler             
0     0000050e  Kd_qdd_Hz_per_rps                
0     0000050c  Kp_qdd_Hz_per_rad                
0     00000449  MOTOR_RUN                        
0     00085ba2  MTPA_computeParameters           
0     00086096  MTPA_init                        
0     0008609a  PARK_init                        
0     0008609e  PI_init                          
abs   00087523  RamfuncsLoadEnd                  
abs   00001453  RamfuncsLoadSize                 
abs   000860d0  RamfuncsLoadStart                
abs   00009453  RamfuncsRunEnd                   
abs   00001453  RamfuncsRunSize                  
abs   00008000  RamfuncsRunStart                 
0     00085e3d  ReadEncoderSSI                   
0     00000500  SAMPLING_FREQ_HZ                 
0     00085a66  SCI_clearInterruptStatus         
0     00085879  SCI_setConfig                    
0     00000502  SIGNAL_FREQ_HZ                   
0     0000044d  SPI_DATA                         
0     00083f0d  SPI_InitSequence                 
0     00085c04  SPI_OnceTransaction              
0     00085bec  SPI_OnceTransaction2             
0     00000447  SPI_READ                         
0     0000044c  SPI_TEST                         
0     00085cb7  SPI_TX_build                     
0     00085854  SPI_TX_build2                    
0     0008599f  SPI_clearInterruptStatus         
0     00084285  SPI_pollingFIFOTransaction       
0     00085962  SPI_setConfig                    
0     000860a2  SVGEN_init                       
0     0000944d  SysCtl_delay                     
0     00083b98  SysCtl_isPLLValid                
0     00085473  SysCtl_selectOscSource           
0     00084f82  SysCtl_selectXTAL                
0     000858e0  SysCtl_selectXTALSingleEnded     
0     00083667  SysCtl_setClock                  
0     00000538  TCAN_DATA_H                      
[...]
0     0000052c  wc_s                             
0     0000052d  eep_read                         
0     0000052e  eep_write                        
0     0000052f  addr                             
0     00000530  TCAN_SEND_TEST                   
0     00000531  reset                            
0     00000532  Case_pick                        
0     00000536  temp_off_a                       
0     00000538  TCAN_DATA_H                      
0     0000053a  TCAN_DATA_L                      
0     0000053c  txData                           
0     00000544  __TI_enable_exit_profile_output  
0     00000546  __TI_cleanup_ptr                 
0     00000548  __TI_dtors_ptr                   
0     0000054a  tx                               
0     0000054e  tx_data                          
0     00000552  _unlock                          
0     00000554  testpoint1_error                 
0     00000556  errno                            
0     00000580  halHandle                        
0     00000580  loadStart_hal_data               
0     00000582  hal                              
0     000005aa  loadEnd_hal_data                 
0     00008000  loadEnd_ctrlfuncs                
0     00008000  loadStart_ctrlfuncs              
0     00008000  motor1CtrlISR                    
0     00008000  runEnd_ctrlfuncs                 
0     00008000  runStart_ctrlfuncs               
0     00008f8a  EST_configureTrajState           
0     0000919d  EST_run                          
0     00009251  canaISR                          
0     000092d5  EST_setupTrajState               
0     00009354  EST_Traj_run                     
0     000093b1  Flash_initModule                 
0     000093fc  EST_doSpeedCtrl                  
0     00009412  EST_updateId_ref_A               
0     00009421  EST_doCurrentCtrl                
0     0000942b  EST_getIntValue_spd_Hz           
0     00009434  EST_getIdRated_A                 
0     0000943c  EST_getIntValue_Id_A             
0     00009443  EST_runTraj                      
0     00009449  EST_isEnabled                    
0     0000944d  SysCtl_delay                     
0     00009451  EST_getState                     
0     0000d000  loadEnd_motor_data               
0     0000d000  loadEnd_vibc_data                
0     0000d000  loadStart_foc_data               
0     0000d000  loadStart_motor_data             
0     0000d000  loadStart_vibc_data              
0     0000d000  motorHandle_M1                   
0     0000d002  ipark_V_M1                       
0     0000d006  park_I_M1                        
0     0000d00a  park_V_M1                        
0     0000d00e  svgen_M1                         
0     0000d012  clarke_V_M1                      
0     0000d018  clarke_I_M1                      
0     0000d01e  traj_spd_M1                      
0     0000d028  pi_Id_M1                         
0     0000d040  pi_Iq_M1                         
0     0000d050  pi_spd_M1                        
0     0000d060  pi_pos_M1                        
0     0000d070  pi_posgain_M1                    
0     0000d080  mtpa_M1                          
0     0000d094  halMtr_M1                        
0     0000d0c0  motorSetVars_M1                  
0     0000d140  motorVars_M1                     
0     0000d34c  loadEnd_foc_data                 
0     0000d380  drvicVars_M1                     
0     0000d380  loadStart_user_data              
0     0000d3c0  userParams_M1                    
0     0000d4c2  loadEnd_user_data                
0     0000d500  cpuTimeHandle                    
0     0000d500  loadStart_sys_data               
0     0000d502  dac128sHandle                    
0     0000d504  systemVars                       
0     0000d51c  dac128s                          
0     0000d540  cpuTime                          
0     0000d59c  loadEnd_sys_data                 
0     0000e000  est                              
0     0000e000  loadStart_est_data               
0     0000e5a8  loadEnd_est_data                 
0     0000f000  loadEnd_SFRA_F32_Data            
0     0000f000  loadEnd_datalog_data             
0     0000f000  loadEnd_dmaBuf_data              
0     0000f000  loadStart_SFRA_F32_Data          
0     0000f000  loadStart_datalog_data           
0     0000f000  loadStart_dmaBuf_data            
0     00080000  code_start                       
0     00081000  main                             
0     00081494  EST_setParams                    
0     0008189c  runMotor1OffsetsCalculation      
0     00081c78  HAL_setupGPIOs                   
0     00081fd3  runMotor1Control                 
0     00082312  initMotor1CtrlParameters         
0     000825be  updateCANCmdFreq                 
0     00082850  EST_updateState                  
0     00082ad4  USER_setMotor1Params             
0     00082d2a  runMotorMonitor                  
0     00082f16  EST_reset                        
0     000830d4  HAL_setupPWMs                    
0     00083246  CAN_B_DATA_READ                  
0     000833ab  HAL_setupADCs                    
0     0008350a  HAL_setupCMPSSs                  
0     00083667  SysCtl_setClock                  
0     00083784  setupControllers                 
0     0008389c  EST_Traj_configure               
0     000839ab  acosf                            
0     00083aac  HAL_setupMtrFaults               
0     00083b98  SysCtl_isPLLValid                
0     00083c81  getHallAngle                     
0     00083d5e  updateGlobalVariables            
0     00083e3a  Device_enableAllPeripherals      
0     00083f0d  SPI_InitSequence                 
0     00083fd8  EST_init                         
0     0008409c  EST_Traj_setParams               
0     00084147  CAN_setupMessageObject           
0     000841ea  DRV8316_writeSPI                 
0     00084285  SPI_pollingFIFOTransaction       
0     0008431f  resetMotorControl                
0     000843a9  __c28xabi_divf                   
0     00084431  EST_Dir_setLpFilterParams        
0     000844b7  calculateRMSData                 
0     0008453d  CPU_TIME_reset                   
0     000845c1  HAL_setupSPI                     
0     00084642  DRV8316_readSPI                  
0     000846be  USER_setParams_priv              
0     00084735  HAL_setupI2CA                    
0     0008479f  HAL_MTR1_init                    
0     00084808  HAL_MTR_setGateDriver            
0     0008486b  runRsOnLine                      
0     000848cc  HAL_setupCAN                     
0     0008492c  EST_Flux_setParams               
0     00084988  EST_Traj_updateState             
0     000849e1  collectRMSData                   
0     00084a34  restartMotorControl              
0     00084a87  HAL_setupSCIA                    
0     00084ad9  DAC128S_setupSPI                 
0     00084b28  initCANCOM                       
0     00084b77  DAC128S_setupSPIBR               
0     00084bc5  EST_Freq_setParams               
0     00084c13  DRV8316_writeData                
0     00084c60  DRV8316_enable                   
0     00084cac  EST_Dir_setHpFilterParams        
0     00084cf6  EST_Flux_ab_setDerFilterParams   
0     00084d40  EST_Iab_setLpFilterParams        
0     00084d8a  EST_Idq_setLpFilterParams        
0     00084dd4  EST_Vdq_setLpFilterParams        
0     00084e1e  DRV8316_setupSPI                 
0     00084e67  EEPROM_readByte                  
0     00084eb0  DRV8316_readData                 
0     00084ef8  EST_RsOnLine_setParams           
0     00084f3d  GPIO_setAnalogMode               
0     00084f82  SysCtl_selectXTAL                
0     00084fc7  Interrupt_initModule             
0     00085008  HAL_setupSPIB_Encoder            
0     00085048  Device_init                      
0     00085087  EST_Ls_setParams                 
0     000850c6  GPIO_setPadConfig                
0     00085143  EST_RsOnLine_setLpFilterParams   
0     00085180  I2C_initController               
0     000851bc  EST_Flux_updateState             
0     000851f6  CAN_sendMessage                  
0     0008522f  HAL_init                         
0     00085268  CAN_readMessage                  
0     0008529f  EEPROM_writeFloat                
0     000852d6  Interrupt_enable                 
0     0008530c  EEPROM_readFloat                 
0     00085341  EST_Ls_updateState               
0     00085376  EEPROM_writeByte                 
0     000853a9  EST_Rr_updateState               
0     000853dc  EST_Rs_updateState               
0     0008540f  InitI2C                          
0     00085442  EST_Dir_init                     
0     00085473  SysCtl_selectOscSource           
0     000854a4  CAN_setBitRate                   
0     000854d4  CAN_setBitTiming                 
0     00085504  GPIO_setPinConfig                
0     00085534  calcMotorOverCurrentThreshold    
0     00085563  EST_Iab_resetLpFilters           
0     00085591  __TI_decompress_lzss             
0     000855bf  HAL_MTR_setParams                
0     000855eb  XBAR_setEPWMMuxConfig            
0     00085616  __TI_auto_init_nobinit_nopinit   
0     00085641  EST_Freq_setDerFilterParams      
0     0008566b  EST_Freq_setLpFilterParams       
0     00085695  EST_Vdq_resetLpFilters           
0     000856bf  HAL_setupTimeBaseTimer           
0     000856e9  __c28xabi_cmpd                   
0     00085713  EST_OneOverDcBus_setParams       
0     0008573c  EST_RsOnLine_init                
0     00085765  EST_setFluxBeta_lp               
0     0008578e  C$$EXIT                          
0     0008578e  abort                            
0     00085790  exit                             
0     000857b7  EST_computeTorque_Nm             
0     000857df  _system_post_cinit               
0     000857e0  sqrtf                            
0     00085807  EST_Angle_setParams              
0     0008582d  EST_Idq_resetLpFilters           
0     00085854  SPI_TX_build2                    
0     00085879  SCI_setConfig                    
0     0008589c  GPIO_setQualificationMode        
0     000858be  HAL_setParams                    
0     000858e0  SysCtl_selectXTALSingleEnded     
0     00085901  __c28xabi_dtoi                   
0     00085922  GPIO_setDirectionMode            
0     00085942  HAL_setTriggerPrams              
0     00085962  SPI_setConfig                    
0     00085981  EST_computeLmag_H                
0     0008599f  SPI_clearInterruptStatus         
0     000859bd  memcpy                           
0     000859da  EST_Dir_resetLpFilters           
0     000859f6  EST_Rr_setParams                 
0     00085a12  EST_Rs_setParams                 
0     00085a2e  EST_Traj_init                    
0     00085a4a  EST_setFreqBetaOmega_der         
0     00085a66  SCI_clearInterruptStatus         
0     00085a82  __c28xabi_ftod                   
0     00085a9e  EST_setFlux_ab_betaOmega_der     
0     00085ab9  GPIO_setQualificationPeriod      
0     00085ad4  HAL_setMtrCMPSSDACValue          
0     00085aef  HAL_setupCPUUsageTimer           
0     00085b0a  ADC_setOffsetTrimAll             
0     00085b24  initMotor1Handles                
0     00085b3e  ADC_setVREF                      
0     00085b57  CAN_clearInterruptStatus         
0     00085b70  CMPSS_configFilterHigh           
0     00085b89  CMPSS_configFilterLow            
0     00085ba2  MTPA_computeParameters           
0     00085bbb  setupClarke_I                    
0     00085bd4  EST_Traj_reset                   
0     00085bec  SPI_OnceTransaction2             
0     00085c04  SPI_OnceTransaction              
0     00085c1c  _c_int00                         
0     00085c33  EST_Flux_ab_init                 
0     00085c49  EST_Freq_init                    
0     00085c5f  EST_Iab_init                     
0     00085c75  EST_Iab_setParams                
0     00085c8b  EST_Idq_init                     
0     00085ca1  EST_Vdq_init                     
0     00085cb7  SPI_TX_build                     
0     00085ccd  CAN_initModule                   
0     00085ce2  EST_setFreqBeta_lp               
0     00085cf7  EST_setIab_beta_lp               
0     00085d0c  EST_setIdq_beta_lp               
0     00085d21  EST_setVdq_beta_lp               
0     00085d36  Interrupt_initVectorTable        
0     00085d4b  setupClarke_V                    
0     00085d5f  EST_Idq_setParams                
0     00085d72  EST_Vdq_setParams                
0     00085d84  EST_initEst                      
0     00085d96  I2C_clearInterruptStatus         
0     00085da7  Device_initGPIO                  
0     00085db7  EST_Dir_resetHpFilters           
0     00085dc7  EST_Flux_ab_resetDerFilters      
0     00085dd7  stopMotorControl                 
0     00085de7  EST_Flux_init                    
0     00085df6  EST_OneOverDcBus_init            
0     00085e05  EST_setFreqLFP_sf                
0     00085e14  EST_getFlux_Wb                   
0     00085e22  EST_getFm_lp_Hz                  
0     00085e30  HAL_enableCtrlInts               
0     00085e3d  ReadEncoderSSI                   
0     00085e4a  EST_setBemf_sf                   
0     00085e56  EST_setOneOverFluxGain_sf        
0     00085e62  Interrupt_defaultHandler         
0     00085e6e  _args_main                       
0     00085e7a  EST_Dir_setParams                
0     00085e85  DAC128S_init                     
0     00085e8f  EST_Flux_ab_setParams            
0     00085e99  Interrupt_illegalOperationHandler
0     00085ea3  Interrupt_nmiHandler             
0     00085ead  EPWM_setEmulationMode            
0     00085eb6  EST_computePower_W               
0     00085ebf  EST_setAngle_rad                 
0     00085ec8  INVERSE_setParams                
0     00085ed1  _register_unlock                 
0     00085ed5  _register_lock                   
0     00085ed9  _nop                             
0     00085eda  EST_enableTraj                   
0     00085ee2  EST_getLs_d_H                    
0     00085eea  EST_getLs_q_H                    
0     00085ef2  EST_getRr_Ohm                    
0     00085efa  EST_getRsOnLine_Ohm              
0     00085f02  EST_getRs_Ohm                    
0     00085f0a  EST_isError                      
0     00085f12  EST_isIdle                       
0     00085f1a  EST_isLockRotor                  
0     00085f22  EST_setFlag_enablePowerWarp      
0     00085f2a  EST_setLs_d_H                    
0     00085f32  EST_setLs_q_H                    
0     00085f3a  EST_setRr_Ohm                    
0     00085f42  EST_setRsOnLineId_A              
0     00085f4a  EST_setRsOnLineId_mag_A          
0     00085f52  EST_setRsOnLine_Ohm              
0     00085f5a  __TI_decompress_none             
0     00085f6a  EST_Eab_setParams                
0     00085f71  EST_Flux_setWaitTimes            
0     00085f78  EST_Freq_resetDerFilter          
0     00085f7f  EST_Freq_resetLpFilter           
0     00085f86  EST_Ls_setWaitTimes              
0     00085f8d  EST_Rr_setWaitTimes              
0     00085f94  EST_Rs_setWaitTimes              
0     00085f9b  EST_configureTraj                
0     00085fa2  EST_disableTraj                  
0     00085fa9  EST_setMotorParams               
0     00085fb0  EST_setWaitTimes                 
0     00085fb7  EST_updateTrajState              
0     00085fbe  HAL_clearDataRAM                 
0     00085fc5  memset                           
0     00085fcc  CPUTimer_setEmulationMode        
0     00085fd2  CPU_TIME_init                    
0     00085fd8  EST_Traj_isError                 
0     00085fde  EST_getFe_rps                    
0     00085fe4  EST_isTrajError                  
0     00085fea  EST_setId_ref_A                  
0     00085ff0  EST_setIq_ref_A                  
0     00085ff6  FILTER_FO_setInitialConditions   
0     00085ffc  __TI_zero_init                   
0     00086002  EST_Edq_setParams                
0     00086007  EST_Flux_dq_setParams            
0     0008600c  EST_Vab_setParams                
0     00086011  EST_enable                       
0     00086016  EST_getTrajState                 
0     0008601b  FILTER_FO_setNumCoeffs           
0     00086020  HAL_readDRVData                  
0     00086025  HAL_writeDRVData                 
0     0008602a  CLARKE_init                      
0     0008602e  EST_Angle_init                   
0     00086032  EST_Eab_init                     
0     00086036  EST_Edq_init                     
0     0008603a  EST_Flux_dq_init                 
0     0008603e  EST_Ls_init                      
0     00086042  EST_Rr_init                      
0     00086046  EST_Rs_init                      
0     0008604a  EST_Vab_init                     
0     0008604e  EST_disable                      
0     00086052  EST_getFlag_bypassLockRotor      
0     00086056  EST_getFlag_enable               
0     0008605a  EST_getFlag_enableRsOnLine       
0     0008605e  EST_getFlag_enableRsRecalc       
0     00086062  EST_getRoverL_rps                
0     00086066  EST_isMotorIdentified            
0     0008606a  EST_setFlag_bypassLockRotor      
0     0008606e  EST_setFlag_enable               
0     00086072  EST_setFlag_enableFluxControl    
0     00086076  EST_setFlag_enableForceAngle     
0     0008607a  EST_setFlag_enableRsOnLine       
0     0008607e  EST_setFlag_enableRsRecalc       
0     00086082  EST_setFlag_updateRs             
0     00086086  FILTER_FO_init                   
0     0008608a  HAL_enableGlobalInts             
0     0008608e  INVERSE_init                     
0     00086092  IPARK_init                       
0     00086096  MTPA_init                        
0     0008609a  PARK_init                        
0     0008609e  PI_init                          
0     000860a2  SVGEN_init                       
0     000860a6  TRAJ_init                        
0     000860aa  DRV8316_init                     
0     000860ad  EST_checkForErrors               
0     000860b0  EST_getFASTVersion               
0     000860b3  EST_resetCounter_isr             
0     000860b6  EST_resetCounter_state           
0     000860b9  EST_setNumIsrTicksPerEstTick     
0     000860bc  FILTER_FO_setDenCoeffs           
0     000860bf  HAL_enableDebugInt               
0     000860c2  DRV8316_setGPIOCSNumber          
0     000860c4  DRV8316_setGPIOENNumber          
0     000860c6  DRV8316_setSPIHandle             
0     000860c8  _system_pre_init                 
0     000875c4  __TI_Handler_Table_Base          
0     000875ca  __TI_Handler_Table_Limit         
0     000875e2  __TI_CINIT_Base                  
0     000875fe  __TI_CINIT_Limit                 
0     000875fe  __TI_CINIT_Warm                  
abs   00000000  loadSize_SFRA_F32_Data           
abs   00000000  loadSize_ctrlfuncs               
abs   00000000  loadSize_datalog_data            
abs   00000000  loadSize_dmaBuf_data             
abs   00000000  loadSize_motor_data              
abs   00000000  loadSize_vibc_data               
abs   00000000  runSize_ctrlfuncs                
abs   0000002a  loadSize_hal_data                
abs   0000009c  loadSize_sys_data                
abs   00000100  __TI_STACK_SIZE                  
abs   00000142  loadSize_user_data               
abs   0000034c  loadSize_foc_data                
abs   000005a8  loadSize_est_data                
abs   00001453  RamfuncsLoadSize                 
abs   00001453  RamfuncsRunSize                  
abs   00008000  RamfuncsRunStart                 
abs   00009453  RamfuncsRunEnd                   
abs   000860d0  RamfuncsLoadStart                
abs   00087523  RamfuncsLoadEnd                  
abs   ffffffff  __TI_pprof_out_hndl              
abs   ffffffff  __TI_prof_data_size              
abs   ffffffff  __TI_prof_data_start             
n/a   UNDEFED   __c_args__                       

[516 symbols]
